[www.ekhartyoga.com/index.html]
[www.ekhartyoga.com/wp-content/themes/wp-bootstrap-starter-child-master/inc/fonts/fonts.css]
[backblue.gif]
[fade.gif]
[index.html]
[www.ekhartyoga.com/feed]
[www.ekhartyoga.com/comments/feed]
[www.ekhartyoga.com/sample-page/feed]
[www.ekhartyoga.com/wp-includes/css/dist/block-library/style.min7404.css]
[www.ekhartyoga.com/wp-content/plugins/codeboxrflexiblecountdown/assets/css/codeboxrflexiblecountdown-public4511.css]
[www.ekhartyoga.com/wp-content/plugins/wp-user-avatar/assets/css/frontend.min274c.css]
[www.ekhartyoga.com/wp-content/plugins/wp-user-avatar/assets/flatpickr/flatpickr.min274c.css]
[www.ekhartyoga.com/wp-content/plugins/wp-user-avatar/assets/select2/select2.min7404.css]
[www.ekhartyoga.com/wp-content/themes/wp-bootstrap-starter-child-master/inc/assets/css/OverlayScrollbars.min7404.css]
[www.ekhartyoga.com/wp-content/themes/wp-bootstrap-starter/style7404.css]
[www.ekhartyoga.com/wp-content/themes/wp-bootstrap-starter/inc/assets/css/bootstrap.min7404.css]
[www.ekhartyoga.com/wp-content/themes/wp-bootstrap-starter/inc/assets/css/all7404.css]
[www.ekhartyoga.com/wp-content/themes/wp-bootstrap-starter-child-master/style7404.css]
[static.addtoany.com/menu/page.js]
[www.ekhartyoga.com/wp-content/themes/wp-bootstrap-starter/inc/assets/js/jquery-3.5.1.min.js]
[www.ekhartyoga.com/wp-content/plugins/add-to-any/addtoany.min4963.js]
[www.ekhartyoga.com/wp-content/plugins/wp-user-avatar/assets/flatpickr/flatpickr.min274c.js]
[www.ekhartyoga.com/wp-content/plugins/wp-user-avatar/assets/select2/select2.min274c.js]
[www.ekhartyoga.com/wp-content/themes/wp-bootstrap-starter-child-master/assets/javascript/slick7404.js]
[www.ekhartyoga.com/wp-content/themes/wp-bootstrap-starter-child-master/assets/javascript/jquery.overlayScrollbars.min7404.js]
[www.ekhartyoga.com/wp-content/themes/wp-bootstrap-starter-child-master/assets/javascript/luckmoshyJqueryPagnation7404.js]
[www.ekhartyoga.com/wp-content/themes/wp-bootstrap-starter-child-master/assets/javascript/custompagination7404.js]
[www.ekhartyoga.com/wp-content/themes/wp-bootstrap-starter-child-master/assets/javascript/script7404.js]
[www.ekhartyoga.com/wp-json/index.html]
[www.ekhartyoga.com/wp-json/wp/v2/pages/2.json]
[www.ekhartyoga.com/xmlrpc0db0.php]
[www.ekhartyoga.com/wp-includes/wlwmanifest.xml]
[www.ekhartyoga.com/wp-json/oembed/1.0/embed1ced.json]
[www.ekhartyoga.com/wp-json/oembed/1.0/embed1457]
[www.ekhartyoga.com/xmlrpc.php]
[www.ekhartyoga.com/media/image/articles/favicon.png]
[ajax.cloudflare.com/cdn-cgi/scripts/04b3eb47/cloudflare-static/mirage2.min.js]
[www.ekhartyoga.com/media/image/articles/logo.png]
[www.ekhartyoga.com/wp-content/themes/wp-bootstrap-starter/mobile-logo.png]
[www.ekhartyoga.com/classes/browse_all2679.html]
[www.ekhartyoga.com/programs/browse_all2679.html]
[www.ekhartyoga.com/teachers721a.html]
[www.ekhartyoga.com/articles/browse_all.html]
[www.ekhartyoga.com/resources/yoga-poses.html]
[www.ekhartyoga.com/register.html]
[www.ekhartyoga.com/pricing.html]
[www.ekhartyoga.com/classes/4819/feel-good-morning-yoga.html]
[www.ekhartyoga.com/media/image/articles/Feel-good-morning-yoga.jpg]
[www.ekhartyoga.com/classes/4276/create-space-in-your-heart.html]
[www.ekhartyoga.com/media/image/articles/Create-space-in-your-heart-1.jpg]
[www.ekhartyoga.com/classes/4244/a-pause-that-restores-micro-yoga-nidra.html]
[www.ekhartyoga.com/media/image/articles/Micro-yoga-nidra.jpg]
[www.ekhartyoga.com/programs/151/seasonal-reset-retreat.html]
[www.ekhartyoga.com/media/image/articles/Seasonal-reset-retreat.jpg]
[www.ekhartyoga.com/programs/149/10-day-tone-up-challenge.html]
[www.ekhartyoga.com/media/image/articles/20220826_110057.jpg]
[www.ekhartyoga.com/programs/127/vinyasa-yoga-for-beginners.html]
[www.ekhartyoga.com/media/image/articles/Vinyasa-for-Beginners-Program-1.jpg]
[www.ekhartyoga.com/teachers/esther-ekhart.html]
[www.ekhartyoga.com/media/image/articles/ester.jpg]
[www.ekhartyoga.com/teachers/david-lurey.html]
[www.ekhartyoga.com/media/image/articles/David-Lurey-250.jpg]
[www.ekhartyoga.com/teachers/helen-noakes.html]
[www.ekhartyoga.com/media/image/articles/Helen-Noakes.jpg]
[www.ekhartyoga.com/teachers/jose-de-groot.html]
[www.ekhartyoga.com/media/image/articles/Jose.jpg]
[www.ekhartyoga.com/teachers/sandra-carson.html]
[www.ekhartyoga.com/media/image/articles/Sandra-Carson-3.jpg]
[www.ekhartyoga.com/teachers/david-kam.html]
[www.ekhartyoga.com/media/image/articles/David-Kam.jpg]
[www.ekhartyoga.com/teachers/julie-martin.html]
[www.ekhartyoga.com/media/images/articles/content/Julie-Martin.jpg]
[www.ekhartyoga.com/teachers/tashi-dawa.html]
[www.ekhartyoga.com/media/image/articles/Tashi800x800.V2-1.jpg]
[www.ekhartyoga.com/teachers/laia-bove.html]
[www.ekhartyoga.com/media/image/articles/Laia-Bové.jpg]
[www.ekhartyoga.com/media/image/articles/yoga-journal.png]
[www.ekhartyoga.com/media/image/articles/the-guardian.png]
[www.ekhartyoga.com/media/image/articles/womens-health.png]
[www.ekhartyoga.com/media/image/articles/new-york-times.png]
[www.ekhartyoga.com/media/image/articles/in-the-moment.png]
[www.ekhartyoga.com/resources/sequences.html]
[www.ekhartyoga.com/resources/styles.html]
[www.ekhartyoga.com/resources/yin-poses.html]
[www.ekhartyoga.com/resources/dictionary.html]
[www.ekhartyoga.com/media/image/articles/Sandra-Carson-EkhartYoga-banner.png]
[www.ekhartyoga.com/playlists/browse_all2679.html]
[www.ekhartyoga.com/newsletter-signup.html]
[www.ekhartyoga.com/give-the-gift-of-yoga.html]
[www.ekhartyoga.com/workshops.html]
[www.ekhartyoga.com/redeem-gift-card.html]
[www.ekhartyoga.com/support/contact.html]
[www.ekhartyoga.com/about/faq.html]
[www.ekhartyoga.com/about/faq/about-ekhartyoga/terms-and-conditions-of-use.html]
[www.ekhartyoga.com/wp-content/plugins/codeboxrflexiblecountdown/assets/js/codeboxrflexiblecountdown-public4511.js]
[www.ekhartyoga.com/wp-content/plugins/wp-user-avatar/assets/js/frontend.min274c.js]
[www.ekhartyoga.com/wp-content/themes/wp-bootstrap-starter/inc/assets/js/popper.min7404.js]
[www.ekhartyoga.com/wp-content/themes/wp-bootstrap-starter/inc/assets/js/bootstrap.min7404.js]
[www.ekhartyoga.com/wp-content/themes/wp-bootstrap-starter/inc/assets/js/theme-script.min7404.js]
[www.ekhartyoga.com/wp-content/themes/wp-bootstrap-starter/inc/assets/js/skip-link-focus-fix.min4a7d.js]
[www.ekhartyoga.com/wp-content/plugins/mailchimp-for-wp/assets/js/formse0ed.js]
[www.ekhartyoga.com/index.html]
[www.ekhartyoga.com/wp-content/themes/wp-bootstrap-starter-child-master/inc/fonts/fonts.css]
[www.googletagmanager.com/gtm5445.html]
[www.ekhartyoga.com/feed.html]
[www.ekhartyoga.com/comments/feed.html]
[www.ekhartyoga.com/sample-page/feed.html]
[www.ekhartyoga.com/wp-includes/css/dist/block-library/style.min7404.css]
[www.ekhartyoga.com/wp-content/plugins/codeboxrflexiblecountdown/assets/css/codeboxrflexiblecountdown-public4511.css]
[www.ekhartyoga.com/wp-content/plugins/wp-user-avatar/assets/css/material-icons/MaterialIcons-Regular.woff2]
[www.ekhartyoga.com/wp-content/plugins/wp-user-avatar/assets/css/material-icons/MaterialIcons-Regular.woff]
[www.ekhartyoga.com/wp-content/plugins/wp-user-avatar/assets/images/frontend/arrow-down.png]
[www.ekhartyoga.com/wp-content/plugins/wp-user-avatar/assets/images/social-login/google.svg]
[www.ekhartyoga.com/wp-content/plugins/wp-user-avatar/assets/images/social-login/vk-fa.svg]
[www.ekhartyoga.com/wp-content/plugins/wp-user-avatar/assets/images/social-login/facebook.svg]
[www.ekhartyoga.com/wp-content/plugins/wp-user-avatar/assets/images/social-login/twitter.svg]
[www.ekhartyoga.com/wp-content/plugins/wp-user-avatar/assets/images/social-login/linkedin.svg]
[www.ekhartyoga.com/wp-content/plugins/wp-user-avatar/assets/css/frontend.min274c.css]
[www.ekhartyoga.com/wp-content/plugins/wp-user-avatar/assets/flatpickr/flatpickr.min274c.css]
[www.ekhartyoga.com/wp-content/plugins/wp-user-avatar/assets/select2/select2.min7404.css]
[www.ekhartyoga.com/wp-content/themes/wp-bootstrap-starter-child-master/inc/assets/css/OverlayScrollbars.min7404.css]
[www.ekhartyoga.com/wp-content/themes/wp-bootstrap-starter/style7404.css]
[www.ekhartyoga.com/wp-content/themes/wp-bootstrap-starter/inc/assets/css/bootstrap.min7404.css]
[www.ekhartyoga.com/wp-content/plugins/wp-user-avatar/assets/images/social-login/github-fa.svg]
[www.ekhartyoga.com/wp-content/themes/wp-bootstrap-starter/inc/assets/webfonts/fa-brands-400.eot]
[www.ekhartyoga.com/wp-content/themes/wp-bootstrap-starter/inc/assets/webfonts/fa-brands-400d41d.eot]
[www.ekhartyoga.com/wp-content/themes/wp-bootstrap-starter/inc/assets/webfonts/fa-brands-400.woff2]
[www.ekhartyoga.com/wp-content/themes/wp-bootstrap-starter/inc/assets/webfonts/fa-brands-400.woff]
[www.ekhartyoga.com/wp-content/themes/wp-bootstrap-starter/inc/assets/webfonts/fa-brands-400.ttf]
[www.ekhartyoga.com/wp-content/themes/wp-bootstrap-starter/inc/assets/webfonts/fa-brands-400.svg]
[www.ekhartyoga.com/wp-content/themes/wp-bootstrap-starter/inc/assets/webfonts/fa-regular-400.eot]
[www.ekhartyoga.com/wp-content/themes/wp-bootstrap-starter/inc/assets/webfonts/fa-regular-400d41d.eot]
[www.ekhartyoga.com/wp-content/themes/wp-bootstrap-starter/inc/assets/webfonts/fa-regular-400.woff2]
[www.ekhartyoga.com/wp-content/themes/wp-bootstrap-starter/inc/assets/webfonts/fa-regular-400.woff]
[www.ekhartyoga.com/wp-content/themes/wp-bootstrap-starter/inc/assets/webfonts/fa-regular-400.ttf]
[www.ekhartyoga.com/wp-content/themes/wp-bootstrap-starter/inc/assets/webfonts/fa-regular-400.svg]
[www.ekhartyoga.com/wp-content/themes/wp-bootstrap-starter/inc/assets/webfonts/fa-solid-900.eot]
[www.ekhartyoga.com/wp-content/themes/wp-bootstrap-starter/inc/assets/webfonts/fa-solid-900d41d.eot]
[www.ekhartyoga.com/wp-content/themes/wp-bootstrap-starter/inc/assets/webfonts/fa-solid-900.woff2]
[www.ekhartyoga.com/wp-content/themes/wp-bootstrap-starter/inc/assets/webfonts/fa-solid-900.woff]
[www.ekhartyoga.com/wp-content/themes/wp-bootstrap-starter/inc/assets/webfonts/fa-solid-900.ttf]
[www.ekhartyoga.com/wp-content/themes/wp-bootstrap-starter/inc/assets/css/all7404.css]
[www.ekhartyoga.com/wp-content/themes/wp-bootstrap-starter-child-master/images/menu-white.svg]
[www.ekhartyoga.com/wp-content/themes/wp-bootstrap-starter/inc/assets/webfonts/fa-solid-900.svg]
[www.ekhartyoga.com/wp-content/themes/wp-bootstrap-starter-child-master/images/menu.svg]
[www.ekhartyoga.com/wp-content/themes/wp-bootstrap-starter-child-master/images/icon-search.png]
[www.ekhartyoga.com/wp-content/themes/wp-bootstrap-starter-child-master/images/libraryheadericon.png]
[www.ekhartyoga.com/wp-content/themes/wp-bootstrap-starter-child-master/images/tryforfreeicon.png]
[www.ekhartyoga.com/wp-content/themes/wp-bootstrap-starter-child-master/images/whyekhart1graphic.png]
[www.ekhartyoga.com/wp-content/themes/wp-bootstrap-starter-child-master/images/whyekharticon4.png]
[www.ekhartyoga.com/wp-content/themes/wp-bootstrap-starter-child-master/images/whyekhart7icon.png]
[www.ekhartyoga.com/wp-content/themes/wp-bootstrap-starter-child-master/images/news-left-arrow.svg]
[www.ekhartyoga.com/wp-content/themes/wp-bootstrap-starter-child-master/images/news-right-arrow.svg]
[www.ekhartyoga.com/wp-content/themes/wp-bootstrap-starter-child-master/images/news-swirl.png]
[www.ekhartyoga.com/wp-content/themes/wp-bootstrap-starter-child-master/images/arrow-forward-outline.svg]
[www.ekhartyoga.com/wp-content/themes/wp-bootstrap-starter-child-master/images/arrows.svg]
[www.ekhartyoga.com/wp-content/themes/wp-bootstrap-starter-child-master/images/register-graphics.png]
[www.ekhartyoga.com/wp-content/themes/wp-bootstrap-starter-child-master/images/newslettermainimageds.png]
[www.ekhartyoga.com/wp-content/themes/wp-bootstrap-starter-child-master/images/newslettermainimageds-second.jpg]
[www.ekhartyoga.com/wp-content/themes/wp-bootstrap-starter-child-master/images/play-button.png]
[www.ekhartyoga.com/wp-content/themes/wp-bootstrap-starter-child-master/style7404.css]
[www.ekhartyoga.com/xmlrpc0db0.html]
[www.ekhartyoga.com/wp-admin/admin-ajax.html]
[www.ekhartyoga.com/xmlrpc.html]
[www.ekhartyoga.com/_nuxt/ef48e06.js]
[www.ekhartyoga.com/_nuxt/bcdd310.js]
[www.ekhartyoga.com/_nuxt/1ec39af.js]
[www.ekhartyoga.com/_nuxt/137b030.js]
[www.ekhartyoga.com/_nuxt/ade32dc.js]
[www.ekhartyoga.com/_nuxt/41a73cb.js]
[www.ekhartyoga.com/_nuxt/be836d4.js]
[www.ekhartyoga.com/_nuxt/12b27ac.js]
[www.ekhartyoga.com/_nuxt/1c52e08.js]
[www.ekhartyoga.com/_nuxt/a1d819d.js]
[www.ekhartyoga.com/_nuxt/fa6a6ae.js]
[www.ekhartyoga.com/_nuxt/7357468.js]
[www.ekhartyoga.com/_nuxt/bbfd7f2.js]
[www.ekhartyoga.com/_nuxt/df9e5eb.js]
[www.ekhartyoga.com/_nuxt/8375dbb.js]
[www.ekhartyoga.com/_nuxt/55e6e37.js]
[www.ekhartyoga.com/_nuxt/367ff8d.js]
[www.ekhartyoga.com/_nuxt/b7c46cc.js]
[www.ekhartyoga.com/_nuxt/7274f18.js]
[www.ekhartyoga.com/_nuxt/694b7c1.js]
[www.ekhartyoga.com/_nuxt/ede6a2d.js]
[www.ekhartyoga.com/_nuxt/94e65fa.js]
[www.ekhartyoga.com/_nuxt/0d89912.js]
[www.ekhartyoga.com/_nuxt/dfe5f9a.js]
[www.ekhartyoga.com/_nuxt/b0bfff8.js]
[www.ekhartyoga.com/_nuxt/91a963e.js]
[www.ekhartyoga.com/_nuxt/f33595c.js]
[www.ekhartyoga.com/_nuxt/82f26f3.js]
[www.ekhartyoga.com/_nuxt/20e998b.js]
[www.ekhartyoga.com/_nuxt/8c6e603.js]
[www.ekhartyoga.com/_nuxt/09a7806.js]
[www.ekhartyoga.com/_nuxt/62bcec4.js]
[www.ekhartyoga.com/_nuxt/a861b6b.js]
[www.ekhartyoga.com/_nuxt/20c9ecd.js]
[www.ekhartyoga.com/_nuxt/1297cea.js]
[www.ekhartyoga.com/_nuxt/8a7f781.js]
[www.ekhartyoga.com/_nuxt/00b4ab9.js]
[www.ekhartyoga.com/_nuxt/a551473.js]
[www.ekhartyoga.com/_nuxt/2750c7d.js]
[www.ekhartyoga.com/_nuxt/481b206.js]
[www.ekhartyoga.com/_nuxt/206d9b4.js]
[www.ekhartyoga.com/_nuxt/33f2ccc.js]
[www.ekhartyoga.com/_nuxt/be0d710.js]
[www.ekhartyoga.com/_nuxt/88c85de.js]
[www.ekhartyoga.com/_nuxt/15e01b8.js]
[www.ekhartyoga.com/_nuxt/39f7507.js]
[www.ekhartyoga.com/_nuxt/32ea36e.js]
[www.ekhartyoga.com/_nuxt/5d6b486.js]
[www.ekhartyoga.com/_nuxt/06c58e1.js]
[www.ekhartyoga.com/_nuxt/d36613f.js]
[www.ekhartyoga.com/_nuxt/9a61419.js]
[www.ekhartyoga.com/_nuxt/bc1fc9b.js]
[www.ekhartyoga.com/_nuxt/9586224.js]
[www.ekhartyoga.com/_nuxt/64e313b.js]
[www.ekhartyoga.com/_nuxt/cf5641b.js]
[www.ekhartyoga.com/_nuxt/a76628a.js]
[www.ekhartyoga.com/_nuxt/63c3b86.js]
[www.ekhartyoga.com/_nuxt/0516d77.js]
[www.ekhartyoga.com/_nuxt/84d68fc.js]
[www.ekhartyoga.com/_nuxt/d10a263.js]
[www.ekhartyoga.com/_nuxt/4a072c4.js]
[www.ekhartyoga.com/_nuxt/073ce04.js]
[www.ekhartyoga.com/_nuxt/0958670.js]
[www.ekhartyoga.com/_nuxt/999a138.js]
[www.ekhartyoga.com/_nuxt/e697b11.js]
[www.ekhartyoga.com/_nuxt/49264ac.js]
[www.ekhartyoga.com/_nuxt/52cde23.js]
[www.ekhartyoga.com/_nuxt/4a0997c.js]
[www.ekhartyoga.com/_nuxt/e1454e5.js]
[www.ekhartyoga.com/_nuxt/472609a.js]
[www.ekhartyoga.com/_nuxt/030d4c4.js]
[www.ekhartyoga.com/_nuxt/d57d9dd.js]
[www.ekhartyoga.com/_nuxt/d7d2170.js]
[www.ekhartyoga.com/_nuxt/44c9964.js]
[www.ekhartyoga.com/_nuxt/fc3e4ce.js]
[www.ekhartyoga.com/_nuxt/684cdbb.js]
[www.ekhartyoga.com/_nuxt/b5bec54.js]
[www.ekhartyoga.com/_nuxt/faa09e3.js]
[www.ekhartyoga.com/_nuxt/bb5325f.js]
[www.ekhartyoga.com/_nuxt/5bc3be5.js]
[www.ekhartyoga.com/_nuxt/c1dfbe6.js]
[www.ekhartyoga.com/_nuxt/2871dc9.js]
[www.ekhartyoga.com/_nuxt/8758cad.js]
[www.ekhartyoga.com/_nuxt/00576a9.js]
[www.ekhartyoga.com/_nuxt/9353561.js]
[www.ekhartyoga.com/_nuxt/f9dd55b.js]
[www.ekhartyoga.com/_nuxt/4939c82.js]
[www.ekhartyoga.com/_nuxt/98ccea3.js]
[www.ekhartyoga.com/classes/browse_all2679.html]
[www.ekhartyoga.com/_nuxt/4ad5612.js]
[www.ekhartyoga.com/_nuxt/manifest.e0111a95.json]
[blobs.ekhartyoga.com/web-static/img/apple-touch-icon.png]
[blobs.ekhartyoga.com/web-static/img/favicon-32x32.png]
[blobs.ekhartyoga.com/web-static/img/favicon-16x16.png]
[www.ekhartyoga.com/n_static/images/svg/loading-broken-swirl.svg]
[www.ekhartyoga.com/n_static/images/svg/logo/logo-flower.svg]
[www.ekhartyoga.com/n_static/images/public_header_partial_logo.png]
[www.ekhartyoga.com/n_static/images/bottom_banner_image_flipped.png]
[www.ekhartyoga.com/n_static/images/partial_logo_bottom.png]
[www.ekhartyoga.com/_nuxt/6d6770b.js]
[www.ekhartyoga.com/_nuxt/c15c893.js]
[www.ekhartyoga.com/_nuxt/78d7abc.js]
[www.ekhartyoga.com/_nuxt/1109855.js]
[www.ekhartyoga.com/_nuxt/f86f9ec.js]
[www.ekhartyoga.com/programs/browse_all2679.html]
[www.ekhartyoga.com/_nuxt/d8a8acf.js]
[www.ekhartyoga.com/teachers/john-doe-1]
[www.ekhartyoga.com/teachers/john-doe-2]
[www.ekhartyoga.com/teachers/john-doe-3]
[www.ekhartyoga.com/teachers/john-doe-4]
[www.ekhartyoga.com/teachers/john-doe-5]
[www.ekhartyoga.com/teachers/john-doe-6]
[www.ekhartyoga.com/teachers/john-doe-7]
[www.ekhartyoga.com/teachers/john-doe-8]
[www.ekhartyoga.com/teachers/john-doe-9]
[www.ekhartyoga.com/teachers/john-doe-10]
[www.ekhartyoga.com/teachers/john-doe-11]
[www.ekhartyoga.com/teachers/john-doe-12]
[www.ekhartyoga.com/teachers/john-doe-13]
[www.ekhartyoga.com/teachers/john-doe-14]
[www.ekhartyoga.com/teachers/john-doe-15]
[www.ekhartyoga.com/teachers/john-doe-16]
[www.ekhartyoga.com/teachers/john-doe-17]
[www.ekhartyoga.com/teachers/john-doe-18]
[www.ekhartyoga.com/teachers/john-doe-19]
[www.ekhartyoga.com/teachers/john-doe-20]
[www.ekhartyoga.com/teachers/john-doe-21]
[www.ekhartyoga.com/teachers/john-doe-22]
[www.ekhartyoga.com/teachers/john-doe-23]
[www.ekhartyoga.com/teachers/john-doe-24]
[www.ekhartyoga.com/teachers/john-doe-25]
[www.ekhartyoga.com/teachers/john-doe-26]
[www.ekhartyoga.com/teachers/john-doe-27]
[www.ekhartyoga.com/teachers/john-doe-28]
[www.ekhartyoga.com/teachers/john-doe-29]
[www.ekhartyoga.com/teachers/john-doe-30]
[www.ekhartyoga.com/teachers/john-doe-31]
[www.ekhartyoga.com/teachers/john-doe-32]
[www.ekhartyoga.com/teachers/john-doe-33]
[www.ekhartyoga.com/teachers/john-doe-34]
[www.ekhartyoga.com/teachers/john-doe-35]
[www.ekhartyoga.com/teachers/john-doe-36]
[www.ekhartyoga.com/teachers/john-doe-37]
[www.ekhartyoga.com/teachers/john-doe-38]
[www.ekhartyoga.com/teachers/john-doe-39]
[www.ekhartyoga.com/teachers/john-doe-40]
[www.ekhartyoga.com/teachers/john-doe-41]
[www.ekhartyoga.com/teachers/john-doe-42]
[www.ekhartyoga.com/teachers/john-doe-43]
[www.ekhartyoga.com/teachers/john-doe-44]
[www.ekhartyoga.com/teachers/john-doe-45]
[www.ekhartyoga.com/teachers/john-doe-46]
[www.ekhartyoga.com/teachers/john-doe-47]
[www.ekhartyoga.com/teachers/john-doe-48]
[www.ekhartyoga.com/teachers/john-doe-49]
[www.ekhartyoga.com/teachers/john-doe-50]
[www.ekhartyoga.com/teachers/john-doe-51]
[www.ekhartyoga.com/teachers/john-doe-52]
[www.ekhartyoga.com/teachers/john-doe-53]
[www.ekhartyoga.com/teachers/john-doe-54]
[www.ekhartyoga.com/teachers/john-doe-55]
[blobs.ekhartyoga.com/cdn-cgi/image/width=256,quality=90/mediauploads/ekhartyoga.com/uploads/media/esther-ekhart-750.jpg]
[www.ekhartyoga.com/teachers/adela-serrano.html]
[blobs.ekhartyoga.com/cdn-cgi/image/width=256,quality=90/mediauploads/ekhartyoga.com/uploads/media/adela-serrano-750.jpg]
[www.ekhartyoga.com/teachers/anat-geiger.html]
[blobs.ekhartyoga.com/cdn-cgi/image/width=256,quality=90/mediauploads/ekhartyoga.com/uploads/media/anat-geiger-750.jpg]
[www.ekhartyoga.com/teachers/andrew-wrenn.html]
[blobs.ekhartyoga.com/cdn-cgi/image/width=256,quality=90/mediauploads/ekhartyoga.com/uploads/media/061A43448x8-V2.jpg]
[www.ekhartyoga.com/teachers/anna-sugarman.html]
[blobs.ekhartyoga.com/cdn-cgi/image/width=256,quality=90/mediauploads/ekhartyoga.com/uploads/media/Anna Sugarman.jpg]
[blobs.ekhartyoga.com/cdn-cgi/image/width=256,quality=90/mediauploads/ekhartyoga.com/uploads/media/061A6327.V2.jpg]
[blobs.ekhartyoga.com/cdn-cgi/image/width=256,quality=90/mediauploads/ekhartyoga.com/uploads/media/David-800x800.jpg]
[blobs.ekhartyoga.com/cdn-cgi/image/width=256,quality=90/mediauploads/ekhartyoga.com/uploads/media/Helen Noakes 1000x1000.jpg]
[www.ekhartyoga.com/teachers/irina-verwer.html]
[blobs.ekhartyoga.com/cdn-cgi/image/width=256,quality=90/mediauploads/ekhartyoga.com/uploads/media/800x800Irina4.jpg]
[www.ekhartyoga.com/teachers/james-reeves.html]
[blobs.ekhartyoga.com/cdn-cgi/image/width=256,quality=90/mediauploads/ekhartyoga.com/uploads/media/James-800x800-2.jpg]
[www.ekhartyoga.com/teachers/johanna-lundqvist.html]
[blobs.ekhartyoga.com/cdn-cgi/image/width=256,quality=90/ips-container/images/Johanna-Lundqvist-1200.jpg]
[blobs.ekhartyoga.com/cdn-cgi/image/width=256,quality=90/mediauploads/ekhartyoga.com/uploads/media/jose-de-groot-750.jpg]
[blobs.ekhartyoga.com/cdn-cgi/image/width=256,quality=90/mediauploads/ekhartyoga.com/uploads/media/julie-martin.jpg]
[www.ekhartyoga.com/teachers/katy-appleton.html]
[blobs.ekhartyoga.com/cdn-cgi/image/width=256,quality=90/mediauploads/ekhartyoga.com/uploads/media/KatyEdit3.0.jpg]
[blobs.ekhartyoga.com/cdn-cgi/image/width=256,quality=90/mediauploads/ekhartyoga.com/uploads/media/Laia Bové, EkhartYoga.jpg]
[www.ekhartyoga.com/teachers/lisa-petersen.html]
[blobs.ekhartyoga.com/cdn-cgi/image/width=256,quality=90/mediauploads/ekhartyoga.com/uploads/media/LISA-800x800.jpg]
[www.ekhartyoga.com/teachers/marcel-van-de-vis-heil.html]
[blobs.ekhartyoga.com/cdn-cgi/image/width=256,quality=90/mediauploads/ekhartyoga.com/uploads/media/Marcel van de Vis Heil-1.jpg]
[www.ekhartyoga.com/teachers/marlene-henny.html]
[blobs.ekhartyoga.com/cdn-cgi/image/width=256,quality=90/mediauploads/ekhartyoga.com/uploads/media/marlene-henny-750.jpg]
[www.ekhartyoga.com/teachers/nahid-de-belgeonne.html]
[blobs.ekhartyoga.com/cdn-cgi/image/width=256,quality=90/ips-container/images/Nahid-de-Belgeonne-1200.jpg]
[www.ekhartyoga.com/teachers/paula-hines.html]
[blobs.ekhartyoga.com/cdn-cgi/image/width=256,quality=90/ips-container/images/Paula-Hines-1200.jpg]
[www.ekhartyoga.com/teachers/rose-van-ooijen.html]
[blobs.ekhartyoga.com/cdn-cgi/image/width=256,quality=90/mediauploads/ekhartyoga.com/uploads/media/YI_ROSE__MG_3201.jpg]
[www.ekhartyoga.com/teachers/ruth-larkin.html]
[blobs.ekhartyoga.com/cdn-cgi/image/width=256,quality=90/ips-container/images/Ruth-Larkin-1200.jpg]
[blobs.ekhartyoga.com/cdn-cgi/image/width=256,quality=90/mediauploads/ekhartyoga.com/uploads/media/661d9673b.jpg]
[blobs.ekhartyoga.com/cdn-cgi/image/width=256,quality=90/mediauploads/ekhartyoga.com/uploads/media/Tashi800x800.V2-1.jpg]
[www.ekhartyoga.com/teachers/afke-reijenga.html]
[blobs.ekhartyoga.com/cdn-cgi/image/width=256,quality=90/mediauploads/ekhartyoga.com/uploads/media/AfkeSQUARE-V2-1.jpg]
[www.ekhartyoga.com/teachers/aki-omori.html]
[blobs.ekhartyoga.com/cdn-cgi/image/width=256,quality=90/mediauploads/ekhartyoga.com/uploads/media/aki-omori-750.jpg]
[www.ekhartyoga.com/teachers/allison-dearling.html]
[blobs.ekhartyoga.com/cdn-cgi/image/width=256,quality=90/ips-container/images/Allison-Dearling-1200.jpg]
[www.ekhartyoga.com/teachers/amy-slevin.html]
[blobs.ekhartyoga.com/cdn-cgi/image/width=256,quality=90/mediauploads/ekhartyoga.com/uploads/media/Amy Slevin, yoga teacher.jpg]
[www.ekhartyoga.com/teachers/anna-levin.html]
[blobs.ekhartyoga.com/cdn-cgi/image/width=256,quality=90/mediauploads/ekhartyoga.com/uploads/media/Anna-Square.jpg]
[www.ekhartyoga.com/teachers/burgs.html]
[blobs.ekhartyoga.com/cdn-cgi/image/width=256,quality=90/mediauploads/ekhartyoga.com/uploads/media/Burgs_EkhartYoga.jpg]
[www.ekhartyoga.com/teachers/christine-wushke.html]
[blobs.ekhartyoga.com/cdn-cgi/image/width=256,quality=90/ips-container/images/Christine-Wushke-1200.jpg]
[www.ekhartyoga.com/teachers/clayton-horton.html]
[blobs.ekhartyoga.com/cdn-cgi/image/width=256,quality=90/mediauploads/ekhartyoga.com/uploads/media/061A7019.2.jpg]
[www.ekhartyoga.com/teachers/david-dodd.html]
[blobs.ekhartyoga.com/cdn-cgi/image/width=256,quality=90/mediauploads/ekhartyoga.com/uploads/media/david-dodd-750.jpg]
[www.ekhartyoga.com/teachers/deirdre-desmond.html]
[blobs.ekhartyoga.com/cdn-cgi/image/width=256,quality=90/mediauploads/ekhartyoga.com/uploads/media/teacherpage2.jpg]
[www.ekhartyoga.com/teachers/dieke-bikker.html]
[blobs.ekhartyoga.com/cdn-cgi/image/width=256,quality=90/mediauploads/ekhartyoga.com/uploads/media/diekebikker.jpg]
[www.ekhartyoga.com/teachers/esther-teule.html]
[blobs.ekhartyoga.com/cdn-cgi/image/width=256,quality=90/mediauploads/ekhartyoga.com/uploads/media/661d7520-750_0.jpg]
[www.ekhartyoga.com/teachers/esther-hertog.html]
[blobs.ekhartyoga.com/cdn-cgi/image/width=256,quality=90/mediauploads/ekhartyoga.com/uploads/media/esther4352.jpg]
[www.ekhartyoga.com/teachers/faith-hunter.html]
[blobs.ekhartyoga.com/cdn-cgi/image/width=256,quality=90/mediauploads/ekhartyoga.com/uploads/media/faith-hunter-750.jpg]
[www.ekhartyoga.com/teachers/francesca-giusti.html]
[blobs.ekhartyoga.com/cdn-cgi/image/width=256,quality=90/mediauploads/ekhartyoga.com/uploads/media/Fran.2.0.jpg]
[www.ekhartyoga.com/teachers/george-langenberg.html]
[blobs.ekhartyoga.com/cdn-cgi/image/width=256,quality=90/mediauploads/ekhartyoga.com/uploads/media/George800x800.jpg]
[www.ekhartyoga.com/teachers/gilda-goharian.html]
[blobs.ekhartyoga.com/cdn-cgi/image/width=256,quality=90/mediauploads/ekhartyoga.com/uploads/media/gilda-goharian-ekhart-yoga-teacher.jpg]
[www.ekhartyoga.com/teachers/harry-dijkshoorn.html]
[blobs.ekhartyoga.com/cdn-cgi/image/width=256,quality=90/mediauploads/ekhartyoga.com/uploads/media/Harry Dijkshoorn.jpg]
[www.ekhartyoga.com/teachers/indra-and-ag-mohan.html]
[blobs.ekhartyoga.com/cdn-cgi/image/width=256,quality=90/mediauploads/ekhartyoga.com/uploads/media/661d9059-bril2.jpg]
[www.ekhartyoga.com/teachers/jeff-phenix.html]
[blobs.ekhartyoga.com/cdn-cgi/image/width=256,quality=90/mediauploads/ekhartyoga.com/uploads/media/jeff-phenix.jpg]
[www.ekhartyoga.com/teachers/jeff-foster.html]
[blobs.ekhartyoga.com/cdn-cgi/image/width=256,quality=90/mediauploads/ekhartyoga.com/uploads/media/jefffoster.jpg]
[www.ekhartyoga.com/teachers/jennilee-toner.html]
[blobs.ekhartyoga.com/cdn-cgi/image/width=256,quality=90/mediauploads/ekhartyoga.com/uploads/media/jennilee8952.jpg]
[www.ekhartyoga.com/teachers/jill-satterfield.html]
[blobs.ekhartyoga.com/cdn-cgi/image/width=256,quality=90/mediauploads/ekhartyoga.com/uploads/media/jill-satterfield-750.jpg]
[www.ekhartyoga.com/teachers/joey-miles.html]
[blobs.ekhartyoga.com/cdn-cgi/image/width=256,quality=90/mediauploads/ekhartyoga.com/uploads/media/miles.jpg]
[www.ekhartyoga.com/teachers/kirsten-drooger.html]
[blobs.ekhartyoga.com/cdn-cgi/image/width=256,quality=90/mediauploads/ekhartyoga.com/uploads/media/Kirsten_Drooger.jpg]
[www.ekhartyoga.com/teachers/lama-karma.html]
[blobs.ekhartyoga.com/cdn-cgi/image/width=256,quality=90/ips-container/images/Lama-Karma-1200.jpg]
[www.ekhartyoga.com/teachers/lyn-core.html]
[blobs.ekhartyoga.com/cdn-cgi/image/width=256,quality=90/mediauploads/ekhartyoga.com/uploads/media/Lyn-V2.jpg]
[www.ekhartyoga.com/teachers/mackenzie-miller.html]
[blobs.ekhartyoga.com/cdn-cgi/image/width=256,quality=90/mediauploads/ekhartyoga.com/uploads/media/mackenzie-miller-750.jpg]
[www.ekhartyoga.com/teachers/mark-freeth.html]
[blobs.ekhartyoga.com/cdn-cgi/image/width=256,quality=90/mediauploads/ekhartyoga.com/uploads/media/Mark-Freeth-V1.jpg]
[www.ekhartyoga.com/teachers/mark-mostaed.html]
[www.ekhartyoga.com/teachers/marlene-smits.html]
[blobs.ekhartyoga.com/cdn-cgi/image/width=256,quality=90/mediauploads/ekhartyoga.com/uploads/media/661D0207-2 2.jpg]
[www.ekhartyoga.com/teachers/meghan-currie.html]
[blobs.ekhartyoga.com/cdn-cgi/image/width=256,quality=90/mediauploads/ekhartyoga.com/uploads/media/meghan-currie-750.jpg]
[www.ekhartyoga.com/teachers/nichi-green.html]
[blobs.ekhartyoga.com/cdn-cgi/image/width=256,quality=90/mediauploads/ekhartyoga.com/uploads/media/nichi800x800-1.jpg]
[www.ekhartyoga.com/teachers/olav-aarts.html]
[blobs.ekhartyoga.com/cdn-cgi/image/width=256,quality=90/mediauploads/ekhartyoga.com/uploads/media/olav-aarts-750.jpg]
[www.ekhartyoga.com/teachers/raghunath.html]
[blobs.ekhartyoga.com/cdn-cgi/image/width=256,quality=90/mediauploads/ekhartyoga.com/uploads/media/raghunath-750.jpg]
[www.ekhartyoga.com/teachers/taetske-kleijn.html]
[blobs.ekhartyoga.com/cdn-cgi/image/width=256,quality=90/mediauploads/ekhartyoga.com/uploads/media/teatske-kleijn-750.jpg]
[www.ekhartyoga.com/teachers/tracey-uber-cook.html]
[blobs.ekhartyoga.com/cdn-cgi/image/width=256,quality=90/ips-container/images/Tracey-Cook-1200.jpg]
[www.ekhartyoga.com/teachers/veronique-gauthier.html]
[blobs.ekhartyoga.com/cdn-cgi/image/width=256,quality=90/mediauploads/ekhartyoga.com/uploads/media/veronique-gauthier-750.jpg]
[www.ekhartyoga.com/_nuxt/9967cca.js]
[www.ekhartyoga.com/teachers721a.html]
[www.ekhartyoga.com/articles/browse_all.html]
[www.ekhartyoga.com/_nuxt/b8e6109.js]
[www.ekhartyoga.com/_nuxt/fadf610.js]
[www.ekhartyoga.com/_nuxt/1384ed6.js]
[www.ekhartyoga.com/resources/yoga-poses.html]
[www.ekhartyoga.com/_nuxt/71ac835.js]
[www.ekhartyoga.com/_nuxt/18dbf80.js]
[www.ekhartyoga.com/register.html]
[www.ekhartyoga.com/_nuxt/ec627fe.js]
[www.ekhartyoga.com/pricing.html]
[www.ekhartyoga.com/_nuxt/ef49a07.js]
[blobs.ekhartyoga.com/ips-container/images/video/0_z6dbs5us.jpg]
[blobs.ekhartyoga.com/cdn-cgi/image/width=128,quality=90/mediauploads/ekhartyoga.com/uploads/media/esther-ekhart-750.jpg]
[www.ekhartyoga.com/n_static/images/play.png]
[www.ekhartyoga.com/_nuxt/8126206.js]
[www.ekhartyoga.com/_nuxt/8d92b3c.js]
[www.ekhartyoga.com/_nuxt/a245b8d.js]
[www.ekhartyoga.com/classes/4819/feel-good-morning-yoga.html]
[www.ekhartyoga.com/_nuxt/2a1c871.js]
[blobs.ekhartyoga.com/ips-container/images/Create-space-in-your-heart.jpg]
[blobs.ekhartyoga.com/cdn-cgi/image/width=128,quality=90/mediauploads/ekhartyoga.com/uploads/media/Laia Bové, EkhartYoga.jpg]
[www.ekhartyoga.com/classes/4276/create-space-in-your-heart.html]
[blobs.ekhartyoga.com/mediauploads/api.ekhartyoga.com/uploads/media/video/0_n4wsc8mq/thumb.jpg]
[blobs.ekhartyoga.com/cdn-cgi/image/width=128,quality=90/mediauploads/ekhartyoga.com/uploads/media/James-800x800-2.jpg]
[www.ekhartyoga.com/classes/4244/a-pause-that-restores-micro-yoga-nidra.html]
[blobs.ekhartyoga.com/ips-container/images/Seasonal reset retreat.jpg]
[blobs.ekhartyoga.com/cdn-cgi/image/width=800,quality=90/ips-container/images/Seasonal reset retreat.jpg]
[www.ekhartyoga.com/programs/145/mindful-morning-yoga.html]
[blobs.ekhartyoga.com/cdn-cgi/image/width=600,quality=90/ips-container/images/221122LaOpening0-2.jpg]
[www.ekhartyoga.com/programs/124/powerfully-present.html]
[blobs.ekhartyoga.com/cdn-cgi/image/width=600,quality=90/ips-container/images/221122LaFlowClass-60-3.jpg]
[www.ekhartyoga.com/classes/4927/seasonal-reset-day-1-opening-ritual.html]
[blobs.ekhartyoga.com/cdn-cgi/image/width=600,quality=90/ips-container/images/video/0_ykrtcrv9.jpg]
[www.ekhartyoga.com/classes/4928/seasonal-reset-day-1-expansive-gratitude-flow.html]
[www.ekhartyoga.com/classes/4650/move-gently-through-stagnation.html]
[blobs.ekhartyoga.com/cdn-cgi/image/width=600,quality=90/ips-container/images/220718LaSeptJoy.jpg]
[www.ekhartyoga.com/classes/4830/quiet-joy.html]
[blobs.ekhartyoga.com/cdn-cgi/image/width=600,quality=90/ips-container/images/221123LaClosing-40-3.jpg]
[www.ekhartyoga.com/classes/4929/seasonal-reset-day-1-closing-ritual.html]
[blobs.ekhartyoga.com/cdn-cgi/image/width=600,quality=90/ips-container/images/video/0_cf3o1u6a.jpg]
[www.ekhartyoga.com/classes/4930/seasonal-reset-day-2-set-the-compass-of-your-heart.html]
[blobs.ekhartyoga.com/cdn-cgi/image/width=600,quality=90/ips-container/images/video/0_lrtcot3d.jpg]
[www.ekhartyoga.com/classes/4785/welcoming-your-whole-self.html]
[blobs.ekhartyoga.com/cdn-cgi/image/width=600,quality=90/ips-container/images/video/0_359dszxy.jpg]
[www.ekhartyoga.com/classes/4817/open-heart-flow.html]
[blobs.ekhartyoga.com/cdn-cgi/image/width=600,quality=90/ips-container/images/video/0_sg79798q.jpg]
[www.ekhartyoga.com/classes/4932/seasonal-reset-day-2-a-relaxing-yin-class.html]
[blobs.ekhartyoga.com/cdn-cgi/image/width=600,quality=90/ips-container/images/video/0_lbe7lh5l.jpg]
[www.ekhartyoga.com/classes/4931/seasonal-reset-day-2-closing-session.html]
[www.ekhartyoga.com/_nuxt/7ad9cd5.js]
[www.ekhartyoga.com/_nuxt/20f676d.js]
[www.ekhartyoga.com/programs/151/seasonal-reset-retreat.html]
[www.ekhartyoga.com/_nuxt/068171e.js]
[blobs.ekhartyoga.com/ips-container/images/Tashi Dawa, Side plank_1662986654.jpg]
[blobs.ekhartyoga.com/cdn-cgi/image/width=800,quality=90/ips-container/images/Tashi Dawa, Side plank_1662986654.jpg]
[www.ekhartyoga.com/programs/2/empowered-yoga-3-week-challenge.html]
[blobs.ekhartyoga.com/cdn-cgi/image/width=600,quality=90/ips-container/images/220926ToneUpPromoWeb2.jpg]
[www.ekhartyoga.com/programs/31/spring-into-strength.html]
[blobs.ekhartyoga.com/cdn-cgi/image/width=600,quality=90/mediauploads/api.ekhartyoga.com/uploads/media/video/0_lq7dxzcx/thumb.jpg]
[www.ekhartyoga.com/classes/4868/introducing-the-ten-day-tone-up-challenge.html]
[www.ekhartyoga.com/classes/3729/strong-body-spacious-mind.html]
[blobs.ekhartyoga.com/cdn-cgi/image/width=600,quality=90/ips-container/images/Quick-Whole-Body-Makeover.jpg]
[blobs.ekhartyoga.com/cdn-cgi/image/width=600,quality=90/mediauploads/api.ekhartyoga.com/uploads/media/video/0_vihz22t2/thumb.jpg]
[www.ekhartyoga.com/classes/4278/quick-whole-body-makeover.html]
[blobs.ekhartyoga.com/cdn-cgi/image/width=600,quality=90/mediauploads/api.ekhartyoga.com/uploads/media/video/0_jpzg6qdl/thumb.jpg]
[www.ekhartyoga.com/classes/4184/strong-and-happy-hips-and-thighs.html]
[blobs.ekhartyoga.com/cdn-cgi/image/width=600,quality=90/ips-container/images/211201TsCore360.jpg]
[www.ekhartyoga.com/classes/4073/side-body-tone-up.html]
[blobs.ekhartyoga.com/cdn-cgi/image/width=600,quality=90/mediauploads/api.ekhartyoga.com/uploads/media/video/0_it3hs9wq/thumb.jpg]
[www.ekhartyoga.com/classes/4681/core-360.html]
[www.ekhartyoga.com/classes/4049/strong-arms.html]
[blobs.ekhartyoga.com/cdn-cgi/image/width=128,quality=90/mediauploads/ekhartyoga.com/uploads/media/Tashi800x800.V2-1.jpg]
[www.ekhartyoga.com/programs/149/10-day-tone-up-challenge.html]
[blobs.ekhartyoga.com/ips-container/images/Vinyasa-for-Beginners-Program Ekhart Yoga_1613559623.jpg]
[blobs.ekhartyoga.com/cdn-cgi/image/width=800,quality=90/ips-container/images/Vinyasa-for-Beginners-Program Ekhart Yoga_1613559623.jpg]
[blobs.ekhartyoga.com/cdn-cgi/image/width=600,quality=90/ips-container/images/video/0_6s5e4q21.jpg]
[www.ekhartyoga.com/classes/4293/vinyasa-yoga-for-beginners-part-1-the-fundamentals.html]
[blobs.ekhartyoga.com/cdn-cgi/image/width=600,quality=90/ips-container/images/video/0_77sfy5ol.jpg]
[www.ekhartyoga.com/classes/4292/vinyasa-yoga-for-beginners-part-2-sun-salutations.html]
[blobs.ekhartyoga.com/cdn-cgi/image/width=600,quality=90/ips-container/images/video/0_3n48rknm.jpg]
[www.ekhartyoga.com/classes/4291/vinyasa-yoga-for-beginners-part-3-standing-balances.html]
[blobs.ekhartyoga.com/cdn-cgi/image/width=600,quality=90/ips-container/images/video/0_ftbdjjqc.jpg]
[www.ekhartyoga.com/classes/4290/vinyasa-yoga-for-beginners-part-4-standing-poses.html]
[blobs.ekhartyoga.com/cdn-cgi/image/width=600,quality=90/ips-container/images/video/0_cyj82lcl.jpg]
[blobs.ekhartyoga.com/cdn-cgi/image/width=600,quality=90/ips-container/images/video/0_t0r3dhma.jpg]
[www.ekhartyoga.com/classes/4289/vinyasa-yoga-for-beginners-part-5-seated-supine-poses.html]
[blobs.ekhartyoga.com/cdn-cgi/image/width=128,quality=90/mediauploads/ekhartyoga.com/uploads/media/YI_ROSE__MG_3201.jpg]
[www.ekhartyoga.com/classes/4288/vinyasa-yoga-for-beginners-part-6-full-flow.html]
[www.ekhartyoga.com/programs/127/YI_ROSE__MG_3201.JPG]
[www.ekhartyoga.com/programs/127/vinyasa-yoga-for-beginners.html]
[www.ekhartyoga.com/teachers/esther-ekhart/page/2.html]
[www.ekhartyoga.com/teachers/esther-ekhart/feed]
[www.ekhartyoga.com/wp-includes/css/dist/block-library/style.mind9cd.css]
[www.ekhartyoga.com/wp-content/plugins/wp-user-avatar/assets/select2/select2.mind9cd.css]
[www.ekhartyoga.com/wp-content/themes/wp-bootstrap-starter-child-master/inc/assets/css/OverlayScrollbars.mind9cd.css]
[www.ekhartyoga.com/wp-content/themes/wp-bootstrap-starter/styled9cd.css]
[www.ekhartyoga.com/wp-content/themes/wp-bootstrap-starter/inc/assets/css/bootstrap.mind9cd.css]
[www.ekhartyoga.com/wp-content/themes/wp-bootstrap-starter/inc/assets/css/alld9cd.css]
[www.ekhartyoga.com/wp-content/themes/wp-bootstrap-starter-child-master/styled9cd.css]
[www.ekhartyoga.com/wp-content/plugins/add-to-any/addtoany.mind47c.css]
[www.ekhartyoga.com/wp-content/themes/wp-bootstrap-starter-child-master/assets/javascript/slickd9cd.js]
[www.ekhartyoga.com/wp-content/themes/wp-bootstrap-starter-child-master/assets/javascript/jquery.overlayScrollbars.mind9cd.js]
[www.ekhartyoga.com/wp-content/themes/wp-bootstrap-starter-child-master/assets/javascript/scriptd9cd.js]
[www.ekhartyoga.com/wp-json/wp/v2/users/10.json]
[www.ekhartyoga.com/wp-content/themes/wp-bootstrap-starter-child-master/inc/assets/css/teachers.css]
[www.ekhartyoga.com/wp-content/themes/wp-bootstrap-starter/mobilelogo.png]
[www.ekhartyoga.com/free/classes/find-relaxation.html]
[www.ekhartyoga.com/classes/favourites.html]
[www.ekhartyoga.com/playlists/owned.html]
[www.ekhartyoga.com/account/account-settings/personal.html]
[www.ekhartyoga.com/media/image/articles/How-do-we-connect-with-who-we-truly-are-520x292.jpg]
[www.ekhartyoga.com/media/images/articles/content/Esther-Ekhart-teacher-Ekhart-Yoga-292x292.jpg]
[www.ekhartyoga.com/teachers/esther-ekhart/classes.html]
[www.ekhartyoga.com/teachers/esther-ekhart/programs.html]
[www.ekhartyoga.com/teachers/esther-ekhart/articles.html]
[www.ekhartyoga.com/classes/4891/hip-love-and-inner-peace.html]
[blobs.ekhartyoga.com/ips-container/images/video/0_nrwuosdd.jpg]
[www.ekhartyoga.com/classes/4882/slow-nourishing-flow.html]
[blobs.ekhartyoga.com/ips-container/images/video/0_g4i0c9bu.jpg]
[www.ekhartyoga.com/classes/4853/get-things-moving-in-20.html]
[blobs.ekhartyoga.com/ips-container/images/video/0_x39j83cc.jpg]
[www.ekhartyoga.com/articles/browse_all7f4a.html]
[www.ekhartyoga.com/articles/philosophy/how-do-we-connect-with-who-we-truly-are.html]
[www.ekhartyoga.com/media/image/articles/How-do-we-connect-with-who-we-truly-are.jpg]
[www.ekhartyoga.com/articles/news/ekhartyoga-is-10.html]
[www.ekhartyoga.com/media/image/articles/EkhartYoga-is-10-years-old.jpg]
[www.ekhartyoga.com/articles/philosophy/how-to-break-the-cycle-of-negative-thoughts.html]
[www.ekhartyoga.com/media/image/articles/20-mindful-minutes-program-Esther-Ekhart.jpg]
[www.ekhartyoga.com/wp-content/themes/wp-bootstrap-starter/inc/assets/js/popper.mind9cd.js]
[www.ekhartyoga.com/wp-content/themes/wp-bootstrap-starter/inc/assets/js/bootstrap.mind9cd.js]
[www.ekhartyoga.com/wp-content/themes/wp-bootstrap-starter/inc/assets/js/theme-script.mind9cd.js]
[www.google.com/recaptcha/api48fd.js]
[www.ekhartyoga.com/wp-includes/js/dist/vendor/regenerator-runtime.min3937.js]
[www.ekhartyoga.com/wp-includes/js/dist/vendor/wp-polyfill.min2c7c.js]
[www.ekhartyoga.com/wp-content/plugins/contact-form-7/modules/recaptcha/index77e1.js]
[www.ekhartyoga.com/teachers/esther-ekhart.html]
[www.ekhartyoga.com/teachers/david-lurey/page/2.html]
[www.ekhartyoga.com/teachers/david-lurey/feed]
[www.ekhartyoga.com/wp-json/wp/v2/users/21.json]
[www.ekhartyoga.com/media/image/articles/david-wild-thing-520x292.jpg]
[www.ekhartyoga.com/teachers/david-lurey/classes.html]
[www.ekhartyoga.com/teachers/david-lurey/programs.html]
[www.ekhartyoga.com/teachers/david-lurey/articles.html]
[www.ekhartyoga.com/media/image/articles/David-Lurey_EkhartYoga-Aacdemy-300x169.jpg]
[www.ekhartyoga.com/classes/4893/beauty-in-life-music-flow.html]
[blobs.ekhartyoga.com/ips-container/images/video/0_dc0e535w.jpg]
[www.ekhartyoga.com/classes/4872/mixed-movement-morning.html]
[blobs.ekhartyoga.com/ips-container/images/video/0_6wezu8of.jpg]
[www.ekhartyoga.com/classes/4860/adductor-adventure.html]
[blobs.ekhartyoga.com/ips-container/images/video/0_8v3hqio2.jpg]
[www.ekhartyoga.com/articles/browse_all6d8c.html]
[www.ekhartyoga.com/articles/practice/yoga-and-music-the-beauty-of-collaboration.html]
[www.ekhartyoga.com/media/image/articles/david-wild-thing.jpg]
[www.ekhartyoga.com/articles/practice/mantra-chanting-for-the-new-year.html]
[www.ekhartyoga.com/media/image/articles/david-lurey-jaya-ganesha.jpg]
[www.ekhartyoga.com/articles/practice/six-great-yoga-poses-for-men.html]
[www.ekhartyoga.com/media/image/articles/yoga-poses-for-men.jpg]
[www.ekhartyoga.com/teachers/david-lurey.html]
[www.ekhartyoga.com/teachers/helen-noakes/feed]
[www.ekhartyoga.com/wp-json/wp/v2/users/45.json]
[www.ekhartyoga.com/media/images/articles/content/Standing-back-bend-.jpg]
[www.ekhartyoga.com/teachers/helen-noakes/classes.html]
[www.ekhartyoga.com/teachers/helen-noakes/programs.html]
[www.ekhartyoga.com/teachers/helen-noakes/articles.html]
[www.ekhartyoga.com/classes/4895/dancing-the-fluid-body.html]
[blobs.ekhartyoga.com/ips-container/images/video/0_a35w0efs.jpg]
[www.ekhartyoga.com/classes/4849/natural-home-grown-facial.html]
[blobs.ekhartyoga.com/ips-container/images/220622HeFacialYoga.jpg]
[www.ekhartyoga.com/classes/4821/love-your-pelvis.html]
[blobs.ekhartyoga.com/ips-container/images/video/0_b38gaan0.jpg]
[www.ekhartyoga.com/articles/browse_all22a2.html]
[www.ekhartyoga.com/articles/anatomy/somatic-explorations-of-the-spine-to-transform-your-movement-practice.html]
[www.ekhartyoga.com/articles/anatomy/the-role-of-our-hands-and-feet-in-movement.html]
[www.ekhartyoga.com/media/image/articles/hands-and-feet-in-movement-1.jpg]
[www.ekhartyoga.com/articles/practice/what-is-scaravelli-inspired-yoga.html]
[www.ekhartyoga.com/media/image/articles/helen-noakes-scaravelli-inspired-yoga.jpg]
[www.ekhartyoga.com/teachers/helen-noakes.html]
[www.ekhartyoga.com/teachers/jose-de-groot/feed]
[www.ekhartyoga.com/wp-json/wp/v2/users/25.json]
[www.ekhartyoga.com/media/image/articles/digestive-improvement.jpg]
[www.ekhartyoga.com/media/image/articles/Jose-de-Groot-Ekhart-Yoga-teacher-292x292.jpg]
[www.ekhartyoga.com/teachers/jose-de-groot/classes.html]
[www.ekhartyoga.com/teachers/jose-de-groot/programs.html]
[www.ekhartyoga.com/teachers/jose-de-groot/articles.html]
[www.ekhartyoga.com/media/image/articles/Jose-de-Groot_Yin-anatomy-1-300x200.jpg]
[www.ekhartyoga.com/classes/4877/beating-pms.html]
[blobs.ekhartyoga.com/ips-container/images/220920JoPMS_1-2.jpg]
[www.ekhartyoga.com/classes/4869/toe-squat-tutorial.html]
[blobs.ekhartyoga.com/ips-container/images/220920JoToeSquadVariation.jpg]
[www.ekhartyoga.com/classes/4858/goodbye-headaches-and-woolly-brain.html]
[blobs.ekhartyoga.com/ips-container/images/video/0_lwagwth1.jpg]
[www.ekhartyoga.com/articles/browse_all458b.html]
[www.ekhartyoga.com/articles/wellbeing/yoga-sequence-to-improve-digestion.html]
[www.ekhartyoga.com/articles/wellbeing/yoga-sequence-for-menstruation.html]
[www.ekhartyoga.com/media/image/articles/mensturation-sequence.jpg]
[www.ekhartyoga.com/teachers/jose-de-groot.html]
[www.ekhartyoga.com/teachers/sandra-carson/page/2.html]
[www.ekhartyoga.com/teachers/sandra-carson/feed]
[www.ekhartyoga.com/wp-json/wp/v2/users/20.json]
[www.ekhartyoga.com/media/image/articles/Sandra-Carson-Cobra-Pose-520x292.jpg]
[www.ekhartyoga.com/media/image/articles/Sandra-Carson-Ekhart-Yoga-teacher.jpg]
[www.ekhartyoga.com/teachers/sandra-carson/classes.html]
[www.ekhartyoga.com/teachers/sandra-carson/programs.html]
[www.ekhartyoga.com/teachers/sandra-carson/articles.html]
[www.ekhartyoga.com/media/image/articles/Sandra-Carson_Releasing-trauma-300x200.jpg]
[www.ekhartyoga.com/classes/4916/stress-goes-energy-flows.html]
[blobs.ekhartyoga.com/ips-container/images/video/0_xyg3scn3.jpg]
[www.ekhartyoga.com/classes/4863/invitation-to-release.html]
[blobs.ekhartyoga.com/ips-container/images/video/0_z3uhw2vv.jpg]
[www.ekhartyoga.com/classes/4836/daddy-longlegs.html]
[blobs.ekhartyoga.com/ips-container/images/220421SaDaddyLongLegs.jpg]
[www.ekhartyoga.com/articles/browse_alld470.html]
[www.ekhartyoga.com/articles/practice/live-your-truth-daring-to-live-the-life-you-long-for.html]
[www.ekhartyoga.com/media/image/articles/Sandra-Carson-Cobra-Pose.jpg]
[www.ekhartyoga.com/articles/practice/become-your-own-leader-taking-responsibility-for-yourself.html]
[www.ekhartyoga.com/media/image/articles/Become-your-own-leader-Sandra-Carson.jpg]
[www.ekhartyoga.com/articles/practice/knowing-your-boundaries-respecting-your-limits.html]
[www.ekhartyoga.com/media/image/articles/Lunge-pose-variation-Sandra-Carson.jpg]
[www.ekhartyoga.com/teachers/sandra-carson.html]
[www.ekhartyoga.com/teachers/david-kam/feed]
[www.ekhartyoga.com/wp-json/wp/v2/users/41.json]
[www.ekhartyoga.com/media/image/articles/davidkam-292x292.jpg]
[www.ekhartyoga.com/teachers/david-kam/classes.html]
[www.ekhartyoga.com/teachers/david-kam/programs.html]
[www.ekhartyoga.com/classes/4896/3d-meditation.html]
[blobs.ekhartyoga.com/ips-container/images/video/0_rhrexxoy.jpg]
[www.ekhartyoga.com/classes/4881/grand-rising.html]
[blobs.ekhartyoga.com/ips-container/images/video/0_z703bqnu.jpg]
[www.ekhartyoga.com/classes/4848/neck-and-shoulder-relief.html]
[blobs.ekhartyoga.com/ips-container/images/video/0_85voqp2w.jpg]
[www.ekhartyoga.com/teachers/david-kam.html]
[www.ekhartyoga.com/teachers/julie-martin/feed]
[www.ekhartyoga.com/wp-json/wp/v2/users/30.json]
[www.ekhartyoga.com/media/image/articles/julie-martin-interview.jpg]
[www.ekhartyoga.com/media/images/articles/content/Julie-Martin-292x292.jpg]
[www.ekhartyoga.com/teachers/julie-martin/classes.html]
[www.ekhartyoga.com/teachers/julie-martin/programs.html]
[www.ekhartyoga.com/teachers/julie-martin/articles.html]
[www.ekhartyoga.com/classes/4876/lunges-for-back-relief.html]
[blobs.ekhartyoga.com/ips-container/images/video/0_cjg2bbao.jpg]
[www.ekhartyoga.com/classes/4864/playful-mobility-class.html]
[blobs.ekhartyoga.com/ips-container/images/video/0_gkme4k2x.jpg]
[www.ekhartyoga.com/classes/4838/quick-roll-around.html]
[blobs.ekhartyoga.com/ips-container/images/220510JuBellyRoll.jpg]
[www.ekhartyoga.com/articles/browse_alld4df.html]
[www.ekhartyoga.com/articles/practice/exploring-natural-movement-in-yoga.html]
[www.ekhartyoga.com/articles/practice/intelligent-rebellion-in-the-yoga-world.html]
[www.ekhartyoga.com/media/image/articles/ulie-martin-intelligent-rebellion.jpg]
[www.ekhartyoga.com/teachers/julie-martin.html]
[www.ekhartyoga.com/teachers/tashi-dawa/feed]
[www.ekhartyoga.com/wp-json/wp/v2/users/40.json]
[www.ekhartyoga.com/media/image/articles/Tashi800x800.V2-1-292x292.jpg]
[www.ekhartyoga.com/teachers/tashi-dawa/classes.html]
[www.ekhartyoga.com/teachers/tashi-dawa/programs.html]
[www.ekhartyoga.com/classes/4899/turn-up-the-heat.html]
[blobs.ekhartyoga.com/ips-container/images/video/0_38oqen59.jpg]
[www.ekhartyoga.com/classes/4897/born-to-move.html]
[blobs.ekhartyoga.com/ips-container/images/video/0_pwnzbatz.jpg]
[www.ekhartyoga.com/classes/4898/strong-back-body.html]
[blobs.ekhartyoga.com/ips-container/images/video/0_ck57wr35.jpg]
[www.ekhartyoga.com/teachers/tashi-dawa.html]
[www.ekhartyoga.com/teachers/laia-bove/feed]
[www.ekhartyoga.com/wp-json/wp/v2/users/54.json]
[www.ekhartyoga.com/media/image/articles/How-to-develop-an-affirmation-practice-520x292.jpg]
[www.ekhartyoga.com/teachers/laia-bove/classes.html]
[www.ekhartyoga.com/teachers/laia-bove/programs.html]
[www.ekhartyoga.com/teachers/laia-bove/articles.html]
[www.ekhartyoga.com/media/images/articles/content/Screenshot-2022-05-17-at-16.24.23-2.png]
[www.ekhartyoga.com/classes/4892/short-and-sweet-flow.html]
[blobs.ekhartyoga.com/ips-container/images/video/0_ndl9uptd.jpg]
[www.ekhartyoga.com/classes/4878/building-inner-heat-for-autumn-and-winter.html]
[blobs.ekhartyoga.com/ips-container/images/video/0_apm414w2.jpg]
[www.ekhartyoga.com/classes/4879/vasisthasana-or-side-plank-tutorial.html]
[blobs.ekhartyoga.com/ips-container/images/video/0_29ixthxm.jpg]
[www.ekhartyoga.com/articles/browse_all36c2.html]
[www.ekhartyoga.com/articles/wellbeing/daily-affirmation-practice-and-10-affirmations-to-get-you-started.html]
[www.ekhartyoga.com/media/image/articles/How-to-develop-an-affirmation-practice.jpg]
[www.ekhartyoga.com/articles/practice/what-is-accessible-and-inclusive-yoga.html]
[www.ekhartyoga.com/media/image/articles/Laia-Brandon-and-Hummer.jpg]
[www.ekhartyoga.com/articles/practice/sthira-and-sukha-finding-balance-on-and-off-the-mat.html]
[www.ekhartyoga.com/media/image/articles/Johanna_Skandasana.jpg]
[www.ekhartyoga.com/teachers/laia-bove.html]
[www.ekhartyoga.com/resources/sequences.html]
[www.ekhartyoga.com/resources/styles.html]
[www.ekhartyoga.com/resources/yin-poses.html]
[www.ekhartyoga.com/resources/dictionary.html]
[www.ekhartyoga.com/playlists/browse_all2679.html]
[www.ekhartyoga.com/utm/script.js]
[www.ekhartyoga.com/wp-content/plugins/disable-recaptcha-cf7/assets/css/dr6ecf.css]
[www.ekhartyoga.com/wp-content/themes/wp-bootstrap-starter-child-master/assets/javascript/luckmoshyJqueryPagnationd9cd.js]
[www.ekhartyoga.com/wp-content/themes/wp-bootstrap-starter-child-master/assets/javascript/custompaginationd9cd.js]
[www.ekhartyoga.com/wp-json/wp/v2/pages/9371.json]
[www.ekhartyoga.com/wp-json/oembed/1.0/embed292b.json]
[www.ekhartyoga.com/wp-json/oembed/1.0/embed911b]
[www.ekhartyoga.com/wp-content/themes/wp-bootstrap-starter-child-master/inc/assets/css/faq.css]
[www.ekhartyoga.com/com.ekhartyoga.app_/index.html]
[www.ekhartyoga.com/wp-content/plugins/disable-recaptcha-cf7/assets/js/dr6ecf.js]
[www.ekhartyoga.com/newsletter-signup.html]
[www.ekhartyoga.com/_nuxt/538dd2c.js]
[www.ekhartyoga.com/_nuxt/f6b3a4f.js]
[www.ekhartyoga.com/workshops.html]
[www.ekhartyoga.com/give-the-gift-of-yoga.html]
[www.ekhartyoga.com/_nuxt/ecd5591.js]
[www.ekhartyoga.com/redeem-gift-card.html]
[www.ekhartyoga.com/_nuxt/806dfc2.js]
[www.ekhartyoga.com/wp-content/plugins/contact-form-7/includes/css/styles77e1.css]
[www.ekhartyoga.com/wp-content/plugins/disable-recaptcha-cf7/assets/css/dr4182.css]
[www.ekhartyoga.com/wp-json/wp/v2/pages/8086.json]
[www.ekhartyoga.com/wp-json/oembed/1.0/embed19fe.json]
[www.ekhartyoga.com/wp-json/oembed/1.0/embedb308]
[www.ekhartyoga.com/support/com.ekhartyoga.app_/index.html]
[www.ekhartyoga.com/wp-content/plugins/contact-form-7/includes/swv/js/index77e1.js]
[www.ekhartyoga.com/wp-content/plugins/contact-form-7/includes/js/index77e1.js]
[www.ekhartyoga.com/wp-content/plugins/disable-recaptcha-cf7/assets/js/dr4182.js]
[www.ekhartyoga.com/support/contact.html]
[www.ekhartyoga.com/about/faq/page/2.html]
[www.ekhartyoga.com/wp-content/themes/wp-bootstrap-starter-child-master/inc/assets/js/ey-comments.umd.mind9cd.js]
[www.ekhartyoga.com/about/com.ekhartyoga.app_/index.html]
[www.ekhartyoga.com/about/faq/about-ekhartyoga/what-is-ekhartyoga-and-how-did-it-all-begin.html]
[www.ekhartyoga.com/about/faq/about-ekhartyoga/im-a-new-member-where-do-i-start.html]
[www.ekhartyoga.com/about/faq/about-ekhartyoga/what-is-the-ekhartyoga-academy.html]
[www.ekhartyoga.com/about/faq/about-ekhartyoga/how-to-contact-us.html]
[www.ekhartyoga.com/about/faq/about-ekhartyoga/diversity-equity-and-inclusion.html]
[www.ekhartyoga.com/about/faq/about-ekhartyoga/privacy-and-cookies-statement.html]
[www.ekhartyoga.com/about/faq/account-and-payment/how-do-i-become-a-member-of-ekhartyoga.html]
[www.ekhartyoga.com/about/faq/account-and-payment/how-does-the-free-trial-work.html]
[www.ekhartyoga.com/about/faq/account-and-payment/how-much-is-a-subscription-with-ekhart-yoga.html]
[www.ekhartyoga.com/about/faq/account-and-payment/how-do-i-pay-in-a-secure-way.html]
[www.ekhartyoga.com/about/faq/account-and-payment/why-cant-i-see-the-different-payment-options.html]
[www.ekhartyoga.com/about/faq/account-and-payment/can-i-pay-with-my-prepaid-credit-card.html]
[www.ekhartyoga.com/about/faq/account-and-payment/can-i-pay-using-ideal-vpay-sofort-bancontact-or-sepa.html]
[www.ekhartyoga.com/about/faq/account-and-payment/how-do-i-change-my-payment-details.html]
[www.ekhartyoga.com/about/faq/account-and-payment/how-do-i-cancel-my-subscription.html]
[www.ekhartyoga.com/about/faq/account-and-payment/why-wasnt-my-monthly-subscription-renewed.html]
[www.ekhartyoga.com/about/faq/account-and-payment/can-i-get-a-refund-for-my-subscription.html]
[www.ekhartyoga.com/about/faq/account-and-payment/how-do-gift-vouchers-work.html]
[www.ekhartyoga.com/about/faq/account-and-payment/what-is-the-gift-a-friend-offer.html]
[www.ekhartyoga.com/about/faq/classes/i-cant-find-what-i-am-looking-for-what-can-i-do.html]
[www.ekhartyoga.com/about/faq/classes/how-can-i-organise-my-classes.html]
[www.ekhartyoga.com/about/faq/classes/how-can-i-find-classes-easily.html]
[www.ekhartyoga.com/about/faq/classes/which-level-of-class-should-i-choose.html]
[www.ekhartyoga.com/about/faq/classes/what-types-of-classes-can-i-do.html]
[www.ekhartyoga.com/about/faq/programs/what-are-programs.html]
[www.ekhartyoga.com/about/faq/programs/how-do-i-follow-a-program.html]
[www.ekhartyoga.com/about/faq/playlists/what-are-playlists.html]
[www.ekhartyoga.com/about/faq/playlists/how-do-i-create-or-edit-a-playlist.html]
[www.ekhartyoga.com/about/faq/playlists/what-images-can-i-use-for-my-playlists.html]
[www.ekhartyoga.com/about/faq/playlists/how-do-i-follow-a-playlist.html]
[www.ekhartyoga.com/about/faq/tech-help/i-am-having-trouble-logging-in.html]
[www.ekhartyoga.com/about/faq/tech-help/i-forgot-my-password.html]
[www.ekhartyoga.com/about/faq/tech-help/im-having-trouble-playing-the-videos.html]
[www.ekhartyoga.com/about/faq/tech-help/can-i-watch-the-videos-on-my-tablet-or-mobile-phone.html]
[www.ekhartyoga.com/about/faq/tech-help/how-can-i-watch-videos-with-closed-captions.html]
[www.ekhartyoga.com/about/faq/ekhartyoga-app/what-is-the-ekhartyoga-app-for.html]
[www.ekhartyoga.com/about/faq/ekhartyoga-app/where-can-i-download-the-ekhartyoga-app.html]
[www.ekhartyoga.com/about/faq/ekhartyoga-app/how-do-i-use-the-app.html]
[www.ekhartyoga.com/about/faq/ekhartyoga-app/can-anyone-use-this-app.html]
[www.ekhartyoga.com/about/faq/ekhartyoga-app/why-cant-i-log-in-to-the-app.html]
[www.ekhartyoga.com/about/faq/ekhartyoga-app/how-do-i-download-videos-onto-the-app.html]
[www.ekhartyoga.com/about/faq/ekhartyoga-app/will-the-app-use-up-my-mobile-data.html]
[www.ekhartyoga.com/about/faq/ekhartyoga-app/how-can-i-stream-videos-to-my-tv-using-the-app.html]
[www.ekhartyoga.com/about/faq/yoga-practice/i-am-a-yoga-beginner-what-do-i-need-to-know.html]
[www.ekhartyoga.com/about/faq/yoga-practice/what-are-the-benefits-of-yoga.html]
[www.ekhartyoga.com/about/faq/yoga-practice/i-have-a-medical-problem-can-i-still-do-yoga.html]
[www.ekhartyoga.com/about/faq/yoga-practice/can-i-do-yoga-while-im-pregnant.html]
[www.ekhartyoga.com/about/faq/yoga-practice/can-i-practice-yoga-when-i-am-on-my-period.html]
[www.ekhartyoga.com/about/faq/yoga-practice/i-want-to-lose-weight-can-yoga-help-me.html]
[www.ekhartyoga.com/about/faq/yoga-practice/can-i-eat-before-yoga.html]
[www.ekhartyoga.com/about/faq/yoga-practice/what-is-the-best-time-to-practice-yoga.html]
[www.ekhartyoga.com/about/faq/yoga-practice/how-often-should-i-practice-yoga.html]
[www.ekhartyoga.com/about/faq/yoga-practice/is-yoga-a-religion.html]
[www.ekhartyoga.com/about/faq.html]
[www.ekhartyoga.com/about/faq/yoga-practice/does-yoga-cause-vertigo.html]
[www.ekhartyoga.com/wp-json/wp/v2/faq/7393.json]
[www.ekhartyoga.com/wp-json/oembed/1.0/embed2b24.json]
[www.ekhartyoga.com/wp-json/oembed/1.0/embed5ff1]
[www.ekhartyoga.com/about/faq/about-ekhartyoga/com.ekhartyoga.app_/index.html]
[www.ekhartyoga.com/about/faq/about-ekhartyoga/terms-and-conditions-of-use.html]
[p.typekit.net/pd1a8.css]
[www.ekhartyoga.com/wp-content/plugins/wp-user-avatar/assets/images/social-login/google.svg]
[www.ekhartyoga.com/wp-content/plugins/wp-user-avatar/assets/images/social-login/vk-fa.svg]
[www.ekhartyoga.com/wp-content/plugins/wp-user-avatar/assets/images/social-login/facebook.svg]
[www.ekhartyoga.com/wp-content/plugins/wp-user-avatar/assets/images/social-login/twitter.svg]
[www.ekhartyoga.com/wp-content/plugins/wp-user-avatar/assets/images/social-login/linkedin.svg]
[www.ekhartyoga.com/wp-content/plugins/wp-user-avatar/assets/images/social-login/github-fa.svg]
[www.ekhartyoga.com/wp-content/themes/wp-bootstrap-starter/inc/assets/webfonts/fa-brands-400.svg]
[www.ekhartyoga.com/wp-content/themes/wp-bootstrap-starter/inc/assets/webfonts/fa-regular-400.svg]
[www.ekhartyoga.com/wp-content/themes/wp-bootstrap-starter/inc/assets/webfonts/fa-solid-900.svg]
[www.ekhartyoga.com/wp-content/themes/wp-bootstrap-starter-child-master/images/menu-white.svg]
[www.ekhartyoga.com/wp-content/themes/wp-bootstrap-starter-child-master/images/menu.svg]
[www.ekhartyoga.com/wp-content/themes/wp-bootstrap-starter-child-master/images/news-left-arrow.svg]
[www.ekhartyoga.com/wp-content/themes/wp-bootstrap-starter-child-master/images/news-right-arrow.svg]
[www.ekhartyoga.com/wp-content/themes/wp-bootstrap-starter-child-master/images/arrow-forward-outline.svg]
[www.ekhartyoga.com/wp-content/themes/wp-bootstrap-starter-child-master/images/arrows.svg]
[www.ekhartyoga.com/n_static/images/svg/loading-broken-swirl.svg]
[www.ekhartyoga.com/n_static/images/svg/logo/logo-flower.svg]
[www.ekhartyoga.com/teachers/john-doe-1.html]
[www.ekhartyoga.com/teachers/john-doe-2.html]
[www.ekhartyoga.com/teachers/john-doe-3.html]
[www.ekhartyoga.com/teachers/john-doe-4.html]
[www.ekhartyoga.com/teachers/john-doe-5.html]
[www.ekhartyoga.com/teachers/john-doe-6.html]
[www.ekhartyoga.com/teachers/john-doe-7.html]
[www.ekhartyoga.com/teachers/john-doe-8.html]
[www.ekhartyoga.com/teachers/john-doe-9.html]
[www.ekhartyoga.com/teachers/john-doe-10.html]
[www.ekhartyoga.com/teachers/john-doe-11.html]
[www.ekhartyoga.com/teachers/john-doe-12.html]
[www.ekhartyoga.com/teachers/john-doe-13.html]
[www.ekhartyoga.com/teachers/john-doe-14.html]
[www.ekhartyoga.com/teachers/john-doe-15.html]
[www.ekhartyoga.com/teachers/john-doe-16.html]
[www.ekhartyoga.com/teachers/john-doe-17.html]
[www.ekhartyoga.com/teachers/john-doe-18.html]
[www.ekhartyoga.com/teachers/john-doe-19.html]
[www.ekhartyoga.com/teachers/john-doe-20.html]
[www.ekhartyoga.com/teachers/john-doe-21.html]
[www.ekhartyoga.com/teachers/john-doe-22.html]
[www.ekhartyoga.com/teachers/john-doe-23.html]
[www.ekhartyoga.com/teachers/john-doe-24.html]
[www.ekhartyoga.com/teachers/john-doe-25.html]
[www.ekhartyoga.com/teachers/john-doe-26.html]
[www.ekhartyoga.com/teachers/john-doe-27.html]
[www.ekhartyoga.com/teachers/john-doe-28.html]
[www.ekhartyoga.com/teachers/john-doe-29.html]
[www.ekhartyoga.com/teachers/john-doe-30.html]
[www.ekhartyoga.com/teachers/john-doe-31.html]
[www.ekhartyoga.com/teachers/john-doe-32.html]
[www.ekhartyoga.com/teachers/john-doe-33.html]
[www.ekhartyoga.com/teachers/john-doe-34.html]
[www.ekhartyoga.com/teachers/john-doe-35.html]
[www.ekhartyoga.com/teachers/john-doe-36.html]
[www.ekhartyoga.com/teachers/john-doe-37.html]
[www.ekhartyoga.com/teachers/john-doe-38.html]
[www.ekhartyoga.com/teachers/john-doe-39.html]
[www.ekhartyoga.com/teachers/john-doe-40.html]
[www.ekhartyoga.com/teachers/john-doe-41.html]
[www.ekhartyoga.com/teachers/john-doe-42.html]
[www.ekhartyoga.com/teachers/john-doe-43.html]
[www.ekhartyoga.com/teachers/john-doe-44.html]
[www.ekhartyoga.com/teachers/john-doe-45.html]
[www.ekhartyoga.com/teachers/john-doe-46.html]
[www.ekhartyoga.com/teachers/john-doe-47.html]
[www.ekhartyoga.com/teachers/john-doe-48.html]
[www.ekhartyoga.com/teachers/john-doe-49.html]
[www.ekhartyoga.com/teachers/john-doe-50.html]
[www.ekhartyoga.com/teachers/john-doe-51.html]
[www.ekhartyoga.com/teachers/john-doe-52.html]
[www.ekhartyoga.com/teachers/john-doe-53.html]
[www.ekhartyoga.com/teachers/john-doe-54.html]
[www.ekhartyoga.com/teachers/john-doe-55.html]
[www.ekhartyoga.com/teachers/adela-serrano/feed]
[www.ekhartyoga.com/wp-json/wp/v2/users/50.json]
[www.ekhartyoga.com/media/images/articles/content/adela--292x292.jpg]
[www.ekhartyoga.com/teachers/adela-serrano/classes.html]
[www.ekhartyoga.com/teachers/adela-serrano/programs.html]
[www.ekhartyoga.com/classes/4873/backbends-and-inversions.html]
[blobs.ekhartyoga.com/ips-container/images/video/0_forczeev.jpg]
[www.ekhartyoga.com/classes/4814/morning-routine-to-connect-with-breath-and-body.html]
[blobs.ekhartyoga.com/ips-container/images/video/0_80u8tslt.jpg]
[www.ekhartyoga.com/classes/4762/awakening-the-spine-through-the-breath.html]
[blobs.ekhartyoga.com/ips-container/images/video/0_hg7geh0y.jpg]
[www.ekhartyoga.com/teachers/adela-serrano.html]
[www.ekhartyoga.com/teachers/anat-geiger/feed]
[www.ekhartyoga.com/wp-json/wp/v2/users/31.json]
[www.ekhartyoga.com/media/image/articles/Anat-Geiger_Namaste.jpg]
[www.ekhartyoga.com/media/images/articles/content/Anat-Geiger-1-292x292.jpg]
[www.ekhartyoga.com/teachers/anat-geiger/classes.html]
[www.ekhartyoga.com/teachers/anat-geiger/programs.html]
[www.ekhartyoga.com/teachers/anat-geiger/articles.html]
[www.ekhartyoga.com/resources/styles/yin-yoga.html]
[www.ekhartyoga.com/media/image/articles/Anat-Geiger-1-1-300x169.jpg]
[www.ekhartyoga.com/classes/4760/full-body-zing.html]
[blobs.ekhartyoga.com/ips-container/images/220405AgFullBodyZing.jpg]
[www.ekhartyoga.com/classes/4753/the-two-sides-of-pranayama.html]
[blobs.ekhartyoga.com/ips-container/images/220405AgPranayama.jpg]
[www.ekhartyoga.com/classes/4752/introduction-to-the-chakras-meridians-and-asana-program.html]
[blobs.ekhartyoga.com/ips-container/images/video/0_bjumj5p2.jpg]
[www.ekhartyoga.com/articles/browse_all0079.html]
[www.ekhartyoga.com/articles/philosophy/why-should-we-study-yoga-philosophy.html]
[www.ekhartyoga.com/articles/practice/what-is-functional-yoga.html]
[www.ekhartyoga.com/media/image/articles/What-is-Functional-Yoga.jpg]
[www.ekhartyoga.com/articles/practice/inner-and-outer-strength.html]
[www.ekhartyoga.com/media/image/articles/innerouterstrengh.png]
[www.ekhartyoga.com/teachers/anat-geiger.html]
[www.ekhartyoga.com/teachers/andrew-wrenn/feed]
[www.ekhartyoga.com/wp-json/wp/v2/users/29.json]
[www.ekhartyoga.com/media/image/articles/how-to-use-a-neti-pot.jpg]
[www.ekhartyoga.com/media/images/articles/content/Andrew-Wrenn-1-292x292.jpg]
[www.ekhartyoga.com/teachers/andrew-wrenn/classes.html]
[www.ekhartyoga.com/teachers/andrew-wrenn/programs.html]
[www.ekhartyoga.com/teachers/andrew-wrenn/articles.html]
[www.ekhartyoga.com/classes/4901/the-journey-to-hanumanasana.html]
[blobs.ekhartyoga.com/ips-container/images/video/0_nvkp3vqe.jpg]
[www.ekhartyoga.com/classes/4900/pranayama-and-movement-for-emotional-harmony.html]
[blobs.ekhartyoga.com/ips-container/images/video/0_2w40aygq.jpg]
[www.ekhartyoga.com/classes/4846/hip-openers-for-a-comfortable-seat.html]
[blobs.ekhartyoga.com/ips-container/images/video/0_3avfc8df.jpg]
[www.ekhartyoga.com/articles/browse_allb626.html]
[www.ekhartyoga.com/articles/practice/how-to-use-a-neti-pot.html]
[www.ekhartyoga.com/articles/practice/yoga-for-men.html]
[www.ekhartyoga.com/media/image/articles/Yoga-for-men.jpg]
[www.ekhartyoga.com/articles/practice/nauli-kriya-my-explanation-and-practice.html]
[www.ekhartyoga.com/media/image/articles/nauli-kriya-abdominal-yoga-practice-on-ekhartyoga.jpg]
[www.ekhartyoga.com/teachers/andrew-wrenn.html]
[www.ekhartyoga.com/teachers/anna-sugarman/page/2.html]
[www.ekhartyoga.com/teachers/anna-sugarman/feed]
[www.ekhartyoga.com/wp-json/wp/v2/users/52.json]
[www.ekhartyoga.com/media/image/articles/David-Kam-teacher-feature-520x292.jpg]
[www.ekhartyoga.com/media/image/articles/Anna-Sugarman-292x292.jpg]
[www.ekhartyoga.com/teachers/anna-sugarman/classes.html]
[www.ekhartyoga.com/teachers/anna-sugarman/programs.html]
[www.ekhartyoga.com/teachers/anna-sugarman/articles.html]
[www.ekhartyoga.com/classes/4904/clear-and-calm-to-soar-and-sweat.html]
[blobs.ekhartyoga.com/ips-container/images/video/0_osdu5ydb.jpg]
[www.ekhartyoga.com/classes/4866/joyful-flow.html]
[blobs.ekhartyoga.com/ips-container/images/220923AnsZoom1.jpg]
[www.ekhartyoga.com/classes/4572/midday-getaway.html]
[blobs.ekhartyoga.com/ips-container/images/211102AnsMiddayGetawayLIVE2.jpg]
[www.ekhartyoga.com/articles/browse_alle5dd.html]
[www.ekhartyoga.com/articles/practice/david-kam-teacher-feature.html]
[www.ekhartyoga.com/media/image/articles/David-Kam-teacher-feature.jpg]
[www.ekhartyoga.com/articles/practice/teacher-feature-mark-mostaed.html]
[www.ekhartyoga.com/media/image/articles/Mark_Mostaed.jpg]
[www.ekhartyoga.com/articles/practice/holiday-yoga-toolkit.html]
[www.ekhartyoga.com/media/image/articles/Holiday_yoga_split.jpg]
[www.ekhartyoga.com/teachers/anna-sugarman.html]
[www.ekhartyoga.com/teachers/irina-verwer/page/2.html]
[www.ekhartyoga.com/teachers/irina-verwer/feed]
[www.ekhartyoga.com/wp-json/wp/v2/users/24.json]
[www.ekhartyoga.com/media/image/articles/sweet-spicy-roots-520x292.jpg]
[www.ekhartyoga.com/media/image/articles/Irina-Verwer-Ekhart-Yoga-teacher-292x292.jpg]
[www.ekhartyoga.com/teachers/irina-verwer/classes.html]
[www.ekhartyoga.com/teachers/irina-verwer/programs.html]
[www.ekhartyoga.com/teachers/irina-verwer/articles.html]
[www.ekhartyoga.com/media/image/articles/Irina-Verwer-3-300x169.jpg]
[www.ekhartyoga.com/classes/4894/find-stillness-within-change.html]
[blobs.ekhartyoga.com/ips-container/images/video/0_gzak5uvb.jpg]
[www.ekhartyoga.com/classes/4832/yin-yang-morning-flow.html]
[blobs.ekhartyoga.com/ips-container/images/video/0_3qjkwdng.jpg]
[www.ekhartyoga.com/classes/4843/listen-to-your-body.html]
[blobs.ekhartyoga.com/ips-container/images/220905IrListenToYourBody2.jpg]
[www.ekhartyoga.com/articles/browse_alla1b7.html]
[www.ekhartyoga.com/articles/recipes/sweet-and-spicy-roots-soup.html]
[www.ekhartyoga.com/media/image/articles/sweet-spicy-roots.jpg]
[www.ekhartyoga.com/articles/recipes/how-to-make-your-own-chai-spice-mix-and-nut-milk-chai.html]
[www.ekhartyoga.com/media/image/articles/chai-spice-mix.jpg]
[www.ekhartyoga.com/articles/recipes/eggplant-tomatoes-rice-puy-lentils-recipe.html]
[www.ekhartyoga.com/media/image/articles/eggplant-with-tomatoes-rice-and-puy-lentils.jpg]
[www.ekhartyoga.com/teachers/irina-verwer.html]
[www.ekhartyoga.com/teachers/james-reeves/feed]
[www.ekhartyoga.com/wp-json/wp/v2/users/23.json]
[www.ekhartyoga.com/media/image/articles/Sleep-well-with-Yoga-Nidra.jpg]
[www.ekhartyoga.com/media/image/articles/James-Reeves_small.jpg]
[www.ekhartyoga.com/teachers/james-reeves/classes.html]
[www.ekhartyoga.com/teachers/james-reeves/programs.html]
[www.ekhartyoga.com/teachers/james-reeves/articles.html]
[www.ekhartyoga.com/media/images/articles/content/James-Reeves-Yoga-Nidra-teacher-training-300x176.jpg]
[www.ekhartyoga.com/classes/4430/who-are-you.html]
[blobs.ekhartyoga.com/ips-container/images/video/0_9fpq62c5.jpg]
[www.ekhartyoga.com/classes/4370/yoga-nidra-practice-chakras-dont-have-to-be-mysterious.html]
[blobs.ekhartyoga.com/ips-container/images/201119JaClass4.jpg]
[www.ekhartyoga.com/classes/4369/yoga-nidra-talk-chakras-dont-have-to-be-mysterious.html]
[blobs.ekhartyoga.com/ips-container/images/video/0_isx1kjm2.jpg]
[www.ekhartyoga.com/articles/browse_all8a13.html]
[www.ekhartyoga.com/articles/wellbeing/sleep-well-with-yoga-nidra.html]
[www.ekhartyoga.com/articles/practice/what-is-yoga-nidra.html]
[www.ekhartyoga.com/media/image/articles/what-is-yoga-nidra.jpg]
[www.ekhartyoga.com/teachers/james-reeves.html]
[www.ekhartyoga.com/teachers/johanna-lundqvist/feed]
[www.ekhartyoga.com/media/image/articles/Johanna-2-800x800.jpg]
[www.ekhartyoga.com/teachers/johanna-lundqvist/classes.html]
[www.ekhartyoga.com/teachers/johanna-lundqvist/programs.html]
[www.ekhartyoga.com/classes/4870/yin-for-inner-legs-and-quads.html]
[blobs.ekhartyoga.com/ips-container/images/video/0_eseaeg73.jpg]
[www.ekhartyoga.com/classes/4867/vata-balancing-yoga-for-autumn-or-fall.html]
[blobs.ekhartyoga.com/ips-container/images/video/0_sgcxhxhm.jpg]
[www.ekhartyoga.com/classes/4825/30-min-soothing-yin.html]
[blobs.ekhartyoga.com/ips-container/images/video/0_mtb5200l.jpg]
[www.ekhartyoga.com/teachers/johanna-lundqvist.html]
[www.ekhartyoga.com/teachers/katy-appleton/feed]
[www.ekhartyoga.com/wp-json/wp/v2/users/38.json]
[www.ekhartyoga.com/media/image/articles/KatyEdit3.0-292x292.jpg]
[www.ekhartyoga.com/teachers/katy-appleton/classes.html]
[www.ekhartyoga.com/teachers/katy-appleton/programs.html]
[www.ekhartyoga.com/classes/4861/autumn-yin-sequence.html]
[blobs.ekhartyoga.com/ips-container/images/video/0_xx39tyid.jpg]
[www.ekhartyoga.com/classes/4837/feel-whole-again.html]
[blobs.ekhartyoga.com/ips-container/images/220806KaFeelWholeAgain.jpg]
[www.ekhartyoga.com/classes/4750/grace-and-strength.html]
[blobs.ekhartyoga.com/ips-container/images/210923KaStrengthAndGrace.jpg]
[www.ekhartyoga.com/teachers/katy-appleton.html]
[www.ekhartyoga.com/teachers/lisa-petersen/feed]
[www.ekhartyoga.com/wp-json/wp/v2/users/69.json]
[www.ekhartyoga.com/media/image/articles/Lisa-Petersen.jpg]
[www.ekhartyoga.com/teachers/lisa-petersen/classes.html]
[www.ekhartyoga.com/classes/28/somatic-daily-practice.html]
[blobs.ekhartyoga.com/mediauploads/api.ekhartyoga.com/uploads/media/video/0_eq93hhph/thumb.jpg]
[www.ekhartyoga.com/classes/348/the-great-rejuvenator.html]
[blobs.ekhartyoga.com/mediauploads/api.ekhartyoga.com/uploads/media/video/0_lqypyqwh/thumb.jpg]
[www.ekhartyoga.com/classes/376/longer-legs.html]
[blobs.ekhartyoga.com/mediauploads/api.ekhartyoga.com/uploads/media/video/0_eft9w1mr/thumb.jpg]
[www.ekhartyoga.com/teachers/lisa-petersen.html]
[www.ekhartyoga.com/teachers/marcel-van-de-vis-heil/feed]
[www.ekhartyoga.com/wp-json/wp/v2/users/48.json]
[www.ekhartyoga.com/media/image/articles/Marcel-van-de-Vis-yoga-teacher-292x292.jpg]
[www.ekhartyoga.com/teachers/marcel-van-de-vis-heil/classes.html]
[www.ekhartyoga.com/teachers/marcel-van-de-vis-heil/programs.html]
[www.ekhartyoga.com/classes/4862/upper-body-and-back-strength-flow.html]
[blobs.ekhartyoga.com/ips-container/images/video/0_1om8vky7.jpg]
[www.ekhartyoga.com/classes/4808/rolling-yin.html]
[blobs.ekhartyoga.com/ips-container/images/video/0_zercel9k.jpg]
[www.ekhartyoga.com/classes/4789/morning-express.html]
[blobs.ekhartyoga.com/ips-container/images/220601MvMorningExpress.jpg]
[www.ekhartyoga.com/teachers/marcel-van-de-vis-heil.html]
[www.ekhartyoga.com/teachers/marlene-henny/feed]
[www.ekhartyoga.com/media/image/articles/Marlene-Henny-2.jpg]
[www.ekhartyoga.com/teachers/marlene-henny/classes.html]
[www.ekhartyoga.com/teachers/marlene-henny/programs.html]
[www.ekhartyoga.com/classes/4874/quick-core-pick-me-up.html]
[blobs.ekhartyoga.com/ips-container/images/220906MaQuickCorePickMeUp-4-4.jpg]
[www.ekhartyoga.com/classes/4855/twist-with-your-core.html]
[blobs.ekhartyoga.com/ips-container/images/video/0_wya4l6hx.jpg]
[www.ekhartyoga.com/classes/4834/core-work-on-the-mat.html]
[blobs.ekhartyoga.com/ips-container/images/220607MaPilates.jpg]
[www.ekhartyoga.com/teachers/marlene-henny.html]
[www.ekhartyoga.com/teachers/nahid-de-belgeonne/feed]
[www.ekhartyoga.com/wp-json/wp/v2/users/80.json]
[www.ekhartyoga.com/media/image/articles/Nahid-Profile-800x800-1-292x292.jpg]
[www.ekhartyoga.com/teachers/nahid-de-belgeonne/classes.html]
[www.ekhartyoga.com/classes/4871/find-the-core-line.html]
[blobs.ekhartyoga.com/ips-container/images/video/0_t82gg4vs.jpg]
[www.ekhartyoga.com/classes/4813/continuous-contact.html]
[blobs.ekhartyoga.com/ips-container/images/video/0_julgauo2.jpg]
[blobs.ekhartyoga.com/ips-container/images/220115NbTwistingArms.jpg]
[www.ekhartyoga.com/teachers/nahid-de-belgeonne.html]
[www.ekhartyoga.com/teachers/paula-hines/feed]
[www.ekhartyoga.com/classes/4761/twisting-arms.html]
[www.ekhartyoga.com/wp-json/wp/v2/users/84.json]
[www.ekhartyoga.com/media/image/articles/Paula-Hines-EkhartYoga-292x292.jpg]
[www.ekhartyoga.com/teachers/paula-hines/classes.html]
[www.ekhartyoga.com/teachers/paula-hines/programs.html]
[www.ekhartyoga.com/classes/4890/soothing-slow-flow.html]
[blobs.ekhartyoga.com/ips-container/images/video/0_lnxseqwr.jpg]
[www.ekhartyoga.com/classes/4831/desk-remedy-flow.html]
[blobs.ekhartyoga.com/ips-container/images/video/0_p0zcp0nx.jpg]
[www.ekhartyoga.com/classes/4791/turning-down-the-heat.html]
[blobs.ekhartyoga.com/ips-container/images/220411PhTurningDownTheHeat.jpg]
[www.ekhartyoga.com/teachers/paula-hines.html]
[www.ekhartyoga.com/teachers/rose-van-ooijen/feed]
[www.ekhartyoga.com/wp-json/wp/v2/users/35.json]
[www.ekhartyoga.com/media/image/articles/Energy-101-self-care-program-Ekhart-Yoga.jpg]
[www.ekhartyoga.com/media/image/articles/Rose-van-Ooijen.jpg]
[www.ekhartyoga.com/teachers/rose-van-ooijen/classes.html]
[www.ekhartyoga.com/teachers/rose-van-ooijen/programs.html]
[www.ekhartyoga.com/teachers/rose-van-ooijen/articles.html]
[www.ekhartyoga.com/classes/4907/finding-grace-and-ease.html]
[blobs.ekhartyoga.com/ips-container/images/video/0_f9t6n7n5.jpg]
[www.ekhartyoga.com/classes/4875/office-body-rehab-3-gentle-edition.html]
[blobs.ekhartyoga.com/ips-container/images/video/0_drfouw90.jpg]
[www.ekhartyoga.com/classes/4857/release-and-decompress.html]
[blobs.ekhartyoga.com/ips-container/images/video/0_ndrqaans.jpg]
[www.ekhartyoga.com/articles/browse_all6032.html]
[www.ekhartyoga.com/articles/practice/how-to-protect-and-strengthen-your-energy.html]
[www.ekhartyoga.com/articles/wellbeing/how-yoga-has-helped-me-as-a-highly-sensitive-person.html]
[www.ekhartyoga.com/media/image/articles/Childs-pose-EkhartYoga.jpg]
[www.ekhartyoga.com/articles/meditation/how-to-create-space-for-your-consciousness.html]
[www.ekhartyoga.com/media/image/articles/ekhart-meditation.jpg]
[www.ekhartyoga.com/teachers/rose-van-ooijen.html]
[www.ekhartyoga.com/teachers/ruth-larkin/feed]
[www.ekhartyoga.com/media/image/articles/Ruth-Larkin-EkhartYoga-292x292.jpg]
[www.ekhartyoga.com/teachers/ruth-larkin/classes.html]
[www.ekhartyoga.com/teachers/ruth-larkin/programs.html]
[www.ekhartyoga.com/classes/4889/saturday-stretch.html]
[blobs.ekhartyoga.com/ips-container/images/video/0_gw6cgcnr.jpg]
[www.ekhartyoga.com/classes/4888/tgi-friday-feet.html]
[blobs.ekhartyoga.com/ips-container/images/video/0_brhylz3i.jpg]
[www.ekhartyoga.com/classes/4887/thursday-still-standing.html]
[blobs.ekhartyoga.com/ips-container/images/video/0_zq6o32et.jpg]
[www.ekhartyoga.com/teachers/ruth-larkin.html]
[www.ekhartyoga.com/teachers/afke-reijenga/feed]
[www.ekhartyoga.com/media/image/articles/media_62873_fit_192-192-center_fit_384-384-center_100-esther-ekhart-750-15.jpg]
[www.ekhartyoga.com/teachers/afke-reijenga/classes.html]
[www.ekhartyoga.com/teachers/afke-reijenga/programs.html]
[www.ekhartyoga.com/classes/4732/yin-yoga-for-better-sleep.html]
[blobs.ekhartyoga.com/ips-container/images/video/0_ncs0dtr7.jpg]
[www.ekhartyoga.com/classes/4524/from-head-to-heart.html]
[blobs.ekhartyoga.com/ips-container/images/210429AfFromHeadToHeart.jpg]
[www.ekhartyoga.com/classes/4497/standing-flow-part-2.html]
[blobs.ekhartyoga.com/ips-container/images/210519AfShivaPart2.jpg]
[www.ekhartyoga.com/teachers/afke-reijenga.html]
[www.ekhartyoga.com/teachers/aki-omori/feed]
[www.ekhartyoga.com/media/images/articles/content/Aki-Omori-teacher-Ekhart-Yoga-292x292.jpg]
[www.ekhartyoga.com/teachers/aki-omori/classes.html]
[www.ekhartyoga.com/teachers/aki-omori/programs.html]
[www.ekhartyoga.com/classes/1204/enquiry-reflexes-waking-up-feet-and-hands.html]
[blobs.ekhartyoga.com/mediauploads/api.ekhartyoga.com/uploads/media/video/0_p6v39zjs/thumb.jpg]
[www.ekhartyoga.com/classes/1299/pada-bandha-wake-your-feet-wake-your-spine.html]
[blobs.ekhartyoga.com/mediauploads/api.ekhartyoga.com/uploads/media/video/0_kop2w1bn/thumb.jpg]
[www.ekhartyoga.com/classes/1352/enquiry-lung-capacity-and-how-they-support-the-arms.html]
[blobs.ekhartyoga.com/mediauploads/api.ekhartyoga.com/uploads/media/video/0_15pwurhc/thumb.jpg]
[www.ekhartyoga.com/teachers/aki-omori.html]
[www.ekhartyoga.com/teachers/allison-dearling/feed]
[www.ekhartyoga.com/media/image/articles/Allison-profile-800x800-1-292x292.jpg]
[www.ekhartyoga.com/teachers/allison-dearling/classes.html]
[www.ekhartyoga.com/teachers/allison-dearling/programs.html]
[www.ekhartyoga.com/classes/4569/ashtanga-primary-series-class-8-flowing-second-half.html]
[blobs.ekhartyoga.com/ips-container/images/210802AsSecondPartHalfPrimaryPart2.v2.jpg]
[www.ekhartyoga.com/classes/4568/ashtanga-primary-series-class-7-flowing-first-half.html]
[blobs.ekhartyoga.com/ips-container/images/210802AsHalfPrimaryPart1.jpg]
[www.ekhartyoga.com/classes/4566/ashtanga-primary-series-class-6-the-full-series.html]
[blobs.ekhartyoga.com/ips-container/images/video/0_t45h8b9t.jpg]
[www.ekhartyoga.com/teachers/allison-dearling.html]
[www.ekhartyoga.com/teachers/amy-slevin/feed]
[www.ekhartyoga.com/media/images/articles/content/Amy-Slevin-EkhartYoga-teacher-292x292.jpg]
[www.ekhartyoga.com/teachers/amy-slevin/classes.html]
